<html>
<body>
<pre>
<h1>µVision Build Log</h1>
<h2>Tool Versions:</h2>
IDE-Version: ¦ÌVision V5.38.0.0
Copyright (C) 2022 ARM Ltd and ARM Germany GmbH. All rights reserved.
License Information: rio Admin, rio, LIC=WHYH9-41S13-VE9HA-1P9V9-F08QJ-H7N6D
 
Tool Versions:
Toolchain:       MDK-ARM Plus  Version: 5.38.0.0
Toolchain Path:  C:\Keil_v5\ARM\ARMCC\Bin
C Compiler:      Armcc.exe V5.06 update 6 (build 750)
Assembler:       Armasm.exe V5.06 update 6 (build 750)
Linker/Locator:  ArmLink.exe V5.06 update 6 (build 750)
Library Manager: ArmAr.exe V5.06 update 6 (build 750)
Hex Converter:   FromElf.exe V5.06 update 6 (build 750)
CPU DLL:         SARMCM3.DLL V5.38.0.0
Dialog DLL:      DCM.DLL V1.17.5.0
Target DLL:      CMSIS_AGDI.dll V1.33.15.0
Dialog DLL:      TCM.DLL V1.56.4.0
 
<h2>Project:</h2>
C:\Users\Admin\Desktop\github_032801\mensuo_yangweiye\MDK-ARM\mensuo_yangweiye.uvprojx
Project File Date:  03/28/2026

<h2>Output:</h2>
*** Using Compiler 'V5.06 update 6 (build 750)', folder: 'C:\Keil_v5\ARM\ARMCC\Bin'
Rebuild target 'mensuo_yangweiye'
assembling startup_stm32f103xb.s...
compiling stm32f1xx_it.c...
compiling stm32f1xx_hal_gpio_ex.c...
compiling spi.c...
compiling stm32f1xx_hal_msp.c...
compiling adc.c...
compiling usart.c...
compiling gpio.c...
compiling main.c...
../App/RC522.h(151): warning:  #1-D: last line of file ends without a newline
  #endif
../Core/Src/main.c: 1 warning, 0 errors
compiling stm32f1xx_hal.c...
compiling stm32f1xx_hal_adc_ex.c...
compiling stm32f1xx_hal_adc.c...
compiling stm32f1xx_hal_cortex.c...
compiling stm32f1xx_hal_gpio.c...
compiling stm32f1xx_hal_rcc_ex.c...
compiling stm32f1xx_hal_pwr.c...
compiling stm32f1xx_hal_flash_ex.c...
compiling stm32f1xx_hal_flash.c...
compiling stm32f1xx_hal_exti.c...
compiling stm32f1xx_hal_dma.c...
compiling stm32f1xx_hal_rcc.c...
compiling stm32f1xx_hal_spi.c...
compiling stm32f1xx_hal_uart.c...
compiling system_stm32f1xx.c...
compiling RC522.c...
..\App\RC522.h(151): warning:  #1-D: last line of file ends without a newline
  #endif
..\App\RC522.c(692): warning:  #1-D: last line of file ends without a newline
  }
..\App\RC522.c: 2 warnings, 0 errors
compiling oled.c...
compiling AS608.c...
..\App\AS608.c(422): warning:  #177-D: variable "score"  was declared but never referenced
      uint16_t score;
..\App\AS608.c(11): warning:  #177-D: function "AS608_SendPacket"  was declared but never referenced
  static void AS608_SendPacket(uint8_t *data, uint16_t len)
..\App\AS608.c(93): warning:  #177-D: function "AS608_CalcChecksum"  was declared but never referenced
  static uint16_t AS608_CalcChecksum(uint8_t *data, uint16_t len)
..\App\AS608.c: 3 warnings, 0 errors
linking...
Program Size: Code=13908 RO-data=7000 RW-data=40 ZI-data=3616  
FromELF: creating hex file...
"mensuo_yangweiye\mensuo_yangweiye.axf" - 0 Error(s), 6 Warning(s).

<h2>Software Packages used:</h2>

Package Vendor: ARM
                http://www.keil.com/pack/ARM.CMSIS.5.9.0.pack
                ARM.CMSIS.5.9.0
                CMSIS (Common Microcontroller Software Interface Standard)
   * Component: CORE Version: 5.6.0

Package Vendor: Keil
                https://www.keil.com/pack/Keil.STM32F1xx_DFP.2.4.1.pack
                Keil.STM32F1xx_DFP.2.4.1
                STMicroelectronics STM32F1 Series Device Support, Drivers and Examples

<h2>Collection of Component include folders:</h2>
  ./RTE/_mensuo_yangweiye
  C:/Users/Admin/AppData/Local/Arm/Packs/ARM/CMSIS/5.9.0/CMSIS/Core/Include
  C:/Users/Admin/AppData/Local/Arm/Packs/Keil/STM32F1xx_DFP/2.4.1/Device/Include

<h2>Collection of Component Files used:</h2>

   * Component: ARM::CMSIS:CORE:5.6.0
      Include file:  CMSIS/Core/Include/tz_context.h
Build Time Elapsed:  00:00:04
</pre>
</body>
</html>
