Component: ARM Compiler 5.06 update 6 (build 750) Tool: armlink [4d35ed]

==============================================================================

Section Cross References

    startup_stm32f103xb.o(STACK) refers (Special) to heapauxi.o(.text) for __use_two_region_memory
    startup_stm32f103xb.o(HEAP) refers (Special) to heapauxi.o(.text) for __use_two_region_memory
    startup_stm32f103xb.o(RESET) refers (Special) to heapauxi.o(.text) for __use_two_region_memory
    startup_stm32f103xb.o(RESET) refers to startup_stm32f103xb.o(STACK) for __initial_sp
    startup_stm32f103xb.o(RESET) refers to startup_stm32f103xb.o(.text) for Reset_Handler
    startup_stm32f103xb.o(RESET) refers to stm32f1xx_it.o(i.NMI_Handler) for NMI_Handler
    startup_stm32f103xb.o(RESET) refers to stm32f1xx_it.o(i.HardFault_Handler) for HardFault_Handler
    startup_stm32f103xb.o(RESET) refers to stm32f1xx_it.o(i.MemManage_Handler) for MemManage_Handler
    startup_stm32f103xb.o(RESET) refers to stm32f1xx_it.o(i.BusFault_Handler) for BusFault_Handler
    startup_stm32f103xb.o(RESET) refers to stm32f1xx_it.o(i.UsageFault_Handler) for UsageFault_Handler
    startup_stm32f103xb.o(RESET) refers to stm32f1xx_it.o(i.SVC_Handler) for SVC_Handler
    startup_stm32f103xb.o(RESET) refers to stm32f1xx_it.o(i.DebugMon_Handler) for DebugMon_Handler
    startup_stm32f103xb.o(RESET) refers to stm32f1xx_it.o(i.PendSV_Handler) for PendSV_Handler
    startup_stm32f103xb.o(RESET) refers to stm32f1xx_it.o(i.SysTick_Handler) for SysTick_Handler
    startup_stm32f103xb.o(RESET) refers to stm32f1xx_it.o(i.SPI1_IRQHandler) for SPI1_IRQHandler
    startup_stm32f103xb.o(RESET) refers to stm32f1xx_it.o(i.USART2_IRQHandler) for USART2_IRQHandler
    startup_stm32f103xb.o(RESET) refers to stm32f1xx_it.o(i.USART3_IRQHandler) for USART3_IRQHandler
    startup_stm32f103xb.o(.text) refers (Special) to heapauxi.o(.text) for __use_two_region_memory
    startup_stm32f103xb.o(.text) refers to system_stm32f1xx.o(i.SystemInit) for SystemInit
    startup_stm32f103xb.o(.text) refers to __main.o(!!!main) for __main
    startup_stm32f103xb.o(.text) refers to startup_stm32f103xb.o(HEAP) for Heap_Mem
    startup_stm32f103xb.o(.text) refers to startup_stm32f103xb.o(STACK) for Stack_Mem
    main.o(i.AddNFCCardMode) refers to _printf_pad.o(.text) for _printf_pre_padding
    main.o(i.AddNFCCardMode) refers to _printf_percent.o(.ARM.Collect$$_printf_percent$$00000000) for _printf_percent
    main.o(i.AddNFCCardMode) refers to _printf_x.o(.ARM.Collect$$_printf_percent$$0000000C) for _printf_x
    main.o(i.AddNFCCardMode) refers to _printf_hex_int.o(.text) for _printf_longlong_hex
    main.o(i.AddNFCCardMode) refers to rc522.o(i.PCD_Request) for PCD_Request
    main.o(i.AddNFCCardMode) refers to rc522.o(i.PCD_Anticoll) for PCD_Anticoll
    main.o(i.AddNFCCardMode) refers to stm32f1xx_hal.o(i.HAL_Delay) for HAL_Delay
    main.o(i.AddNFCCardMode) refers to noretval__2sprintf.o(.text) for __2sprintf
    main.o(i.AddNFCCardMode) refers to main.o(i.IsNFCCardRegistered) for IsNFCCardRegistered
    main.o(i.AddNFCCardMode) refers to oled.o(i.OLED_Clear) for OLED_Clear
    main.o(i.AddNFCCardMode) refers to main.o(i.SaveNFCCardToFlash) for SaveNFCCardToFlash
    main.o(i.AddNFCCardMode) refers to oled.o(i.OLED_ShowString) for OLED_ShowString
    main.o(i.AddNFCCardMode) refers to oled.o(i.OLED_Refresh) for OLED_Refresh
    main.o(i.IsNFCCardRegistered) refers to memcmp.o(.text) for memcmp
    main.o(i.IsNFCCardRegistered) refers to main.o(.bss) for .bss
    main.o(i.IsNFCCardRegistered) refers to main.o(.data) for .data
    main.o(i.ReadNFCCardsFromFlash) refers to main.o(.data) for .data
    main.o(i.SaveNFCCardToFlash) refers to main.o(.data) for .data
    main.o(i.SaveNFCCardToFlash) refers to main.o(.bss) for .bss
    main.o(i.SystemClock_Config) refers to rt_memclr_w.o(.text) for __aeabi_memclr4
    main.o(i.SystemClock_Config) refers to stm32f1xx_hal_rcc.o(i.HAL_RCC_OscConfig) for HAL_RCC_OscConfig
    main.o(i.SystemClock_Config) refers to stm32f1xx_hal_rcc.o(i.HAL_RCC_ClockConfig) for HAL_RCC_ClockConfig
    main.o(i.SystemClock_Config) refers to stm32f1xx_hal_rcc_ex.o(i.HAL_RCCEx_PeriphCLKConfig) for HAL_RCCEx_PeriphCLKConfig
    main.o(i.main) refers to _printf_pad.o(.text) for _printf_pre_padding
    main.o(i.main) refers to _printf_percent.o(.ARM.Collect$$_printf_percent$$00000000) for _printf_percent
    main.o(i.main) refers to _printf_x.o(.ARM.Collect$$_printf_percent$$0000000C) for _printf_x
    main.o(i.main) refers to _printf_hex_int.o(.text) for _printf_longlong_hex
    main.o(i.main) refers to _printf_d.o(.ARM.Collect$$_printf_percent$$00000009) for _printf_d
    main.o(i.main) refers to _printf_dec.o(.text) for _printf_int_dec
    main.o(i.main) refers to stm32f1xx_hal.o(i.HAL_Init) for HAL_Init
    main.o(i.main) refers to main.o(i.SystemClock_Config) for SystemClock_Config
    main.o(i.main) refers to gpio.o(i.MX_GPIO_Init) for MX_GPIO_Init
[...]
    ../clib/heapaux.c                        0x00000000   Number         0  heapauxi.o ABSOLUTE
    ../clib/libinit.s                        0x00000000   Number         0  libinit2.o ABSOLUTE
    ../clib/libinit.s                        0x00000000   Number         0  libshutdown.o ABSOLUTE
    ../clib/libinit.s                        0x00000000   Number         0  libshutdown2.o ABSOLUTE
    ../clib/libinit.s                        0x00000000   Number         0  libinit.o ABSOLUTE
    ../clib/longlong.s                       0x00000000   Number         0  llushr.o ABSOLUTE
    ../clib/memcpset.s                       0x00000000   Number         0  rt_memclr.o ABSOLUTE
    ../clib/memcpset.s                       0x00000000   Number         0  rt_memcpy_v6.o ABSOLUTE
    ../clib/memcpset.s                       0x00000000   Number         0  rt_memcpy_w.o ABSOLUTE
    ../clib/memcpset.s                       0x00000000   Number         0  rt_memclr_w.o ABSOLUTE
    ../clib/misc.s                           0x00000000   Number         0  printf_stubs.o ABSOLUTE
    ../clib/printf.c                         0x00000000   Number         0  _printf_hex_ll.o ABSOLUTE
    ../clib/printf.c                         0x00000000   Number         0  _printf_dec.o ABSOLUTE
    ../clib/printf.c                         0x00000000   Number         0  _printf_hex_int_ll.o ABSOLUTE
    ../clib/printf.c                         0x00000000   Number         0  _printf_pad.o ABSOLUTE
    ../clib/printf.c                         0x00000000   Number         0  __printf.o ABSOLUTE
    ../clib/printf.c                         0x00000000   Number         0  noretval__2sprintf.o ABSOLUTE
    ../clib/printf.c                         0x00000000   Number         0  __2sprintf.o ABSOLUTE
    ../clib/printf.c                         0x00000000   Number         0  _printf_hex_ptr.o ABSOLUTE
    ../clib/printf.c                         0x00000000   Number         0  _printf_hex_int_ll_ptr.o ABSOLUTE
    ../clib/printf.c                         0x00000000   Number         0  _printf_hex_int.o ABSOLUTE
    ../clib/printf.c                         0x00000000   Number         0  __printf_flags.o ABSOLUTE
    ../clib/printf.c                         0x00000000   Number         0  __printf_ss.o ABSOLUTE
    ../clib/printf.c                         0x00000000   Number         0  __printf_flags_ss.o ABSOLUTE
    ../clib/printf.c                         0x00000000   Number         0  _printf_hex_ll_ptr.o ABSOLUTE
    ../clib/printf.c                         0x00000000   Number         0  __printf_nopercent.o ABSOLUTE
    ../clib/printf.c                         0x00000000   Number         0  __printf_wp.o ABSOLUTE
    ../clib/printf.c                         0x00000000   Number         0  __printf_ss_wp.o ABSOLUTE
    ../clib/printf.c                         0x00000000   Number         0  _printf_hex_int_ptr.o ABSOLUTE
    ../clib/printf.c                         0x00000000   Number         0  _sputc.o ABSOLUTE
    ../clib/printf.c                         0x00000000   Number         0  __printf_flags_wp.o ABSOLUTE
    ../clib/printf.c                         0x00000000   Number         0  _printf_char_common.o ABSOLUTE
    ../clib/printf.c                         0x00000000   Number         0  _printf_intcommon.o ABSOLUTE
    ../clib/printf.c                         0x00000000   Number         0  __printf_flags_ss_wp.o ABSOLUTE
    ../clib/printf_percent.s                 0x00000000   Number         0  _printf_x.o ABSOLUTE
    ../clib/printf_percent.s                 0x00000000   Number         0  _printf_percent_end.o ABSOLUTE
    ../clib/printf_percent.s                 0x00000000   Number         0  _printf_percent.o ABSOLUTE
    ../clib/printf_percent.s                 0x00000000   Number         0  _printf_d.o ABSOLUTE
    ../clib/signal.c                         0x00000000   Number         0  defsig_cppl_inner.o ABSOLUTE
    ../clib/signal.c                         0x00000000   Number         0  defsig_rtmem_formal.o ABSOLUTE
    ../clib/signal.c                         0x00000000   Number         0  defsig_abrt_inner.o ABSOLUTE
    ../clib/signal.c                         0x00000000   Number         0  defsig_rtmem_outer.o ABSOLUTE
    ../clib/signal.c                         0x00000000   Number         0  defsig_general.o ABSOLUTE
    ../clib/signal.c                         0x00000000   Number         0  defsig_rtmem_inner.o ABSOLUTE
    ../clib/signal.c                         0x00000000   Number         0  __raise.o ABSOLUTE
    ../clib/signal.c                         0x00000000   Number         0  defsig_exit.o ABSOLUTE
    ../clib/signal.c                         0x00000000   Number         0  defsig_fpe_inner.o ABSOLUTE
    ../clib/signal.c                         0x00000000   Number         0  defsig_other.o ABSOLUTE
    ../clib/signal.c                         0x00000000   Number         0  defsig_pvfn_inner.o ABSOLUTE
    ../clib/signal.c                         0x00000000   Number         0  defsig_segv_inner.o ABSOLUTE
    ../clib/signal.c                         0x00000000   Number         0  defsig_rtred_inner.o ABSOLUTE
    ../clib/signal.c                         0x00000000   Number         0  defsig_stak_inner.o ABSOLUTE
    ../clib/signal.s                         0x00000000   Number         0  defsig.o ABSOLUTE
    ../clib/stdlib.c                         0x00000000   Number         0  exit.o ABSOLUTE
    ../clib/string.c                         0x00000000   Number         0  strstr.o ABSOLUTE
    ../clib/string.c                         0x00000000   Number         0  memcmp.o ABSOLUTE
    ../fplib/fpinit.s                        0x00000000   Number         0  fpinit.o ABSOLUTE
    ..\App\AS608.c                           0x00000000   Number         0  as608.o ABSOLUTE
    ..\App\RC522.c                           0x00000000   Number         0  rc522.o ABSOLUTE
    ..\App\oled.c                            0x00000000   Number         0  oled.o ABSOLUTE
    ..\Core\Src\adc.c                        0x00000000   Number         0  adc.o ABSOLUTE
    ..\Core\Src\gpio.c                       0x00000000   Number         0  gpio.o ABSOLUTE
    ..\Core\Src\main.c                       0x00000000   Number         0  main.o ABSOLUTE
    ..\Core\Src\spi.c                        0x00000000   Number         0  spi.o ABSOLUTE
    ..\Core\Src\stm32f1xx_hal_msp.c          0x00000000   Number         0  stm32f1xx_hal_msp.o ABSOLUTE
    ..\Core\Src\stm32f1xx_it.c               0x00000000   Number         0  stm32f1xx_it.o ABSOLUTE
    ..\Core\Src\system_stm32f1xx.c           0x00000000   Number         0  system_stm32f1xx.o ABSOLUTE
    ..\Core\Src\usart.c                      0x00000000   Number         0  usart.o ABSOLUTE
    ..\Drivers\STM32F1xx_HAL_Driver\Src\stm32f1xx_hal.c 0x00000000   Number         0  stm32f1xx_hal.o ABSOLUTE
    ..\Drivers\STM32F1xx_HAL_Driver\Src\stm32f1xx_hal_adc.c 0x00000000   Number         0  stm32f1xx_hal_adc.o ABSOLUTE
    ..\Drivers\STM32F1xx_HAL_Driver\Src\stm32f1xx_hal_adc_ex.c 0x00000000   Number         0  stm32f1xx_hal_adc_ex.o ABSOLUTE
    ..\Drivers\STM32F1xx_HAL_Driver\Src\stm32f1xx_hal_cortex.c 0x00000000   Number         0  stm32f1xx_hal_cortex.o ABSOLUTE
    ..\Drivers\STM32F1xx_HAL_Driver\Src\stm32f1xx_hal_dma.c 0x00000000   Number         0  stm32f1xx_hal_dma.o ABSOLUTE
    ..\Drivers\STM32F1xx_HAL_Driver\Src\stm32f1xx_hal_exti.c 0x00000000   Number         0  stm32f1xx_hal_exti.o ABSOLUTE
    ..\Drivers\STM32F1xx_HAL_Driver\Src\stm32f1xx_hal_flash.c 0x00000000   Number         0  stm32f1xx_hal_flash.o ABSOLUTE
    ..\Drivers\STM32F1xx_HAL_Driver\Src\stm32f1xx_hal_flash_ex.c 0x00000000   Number         0  stm32f1xx_hal_flash_ex.o ABSOLUTE
    ..\Drivers\STM32F1xx_HAL_Driver\Src\stm32f1xx_hal_gpio.c 0x00000000   Number         0  stm32f1xx_hal_gpio.o ABSOLUTE
    ..\Drivers\STM32F1xx_HAL_Driver\Src\stm32f1xx_hal_gpio_ex.c 0x00000000   Number         0  stm32f1xx_hal_gpio_ex.o ABSOLUTE
    ..\Drivers\STM32F1xx_HAL_Driver\Src\stm32f1xx_hal_pwr.c 0x00000000   Number         0  stm32f1xx_hal_pwr.o ABSOLUTE
    ..\Drivers\STM32F1xx_HAL_Driver\Src\stm32f1xx_hal_rcc.c 0x00000000   Number         0  stm32f1xx_hal_rcc.o ABSOLUTE
    ..\Drivers\STM32F1xx_HAL_Driver\Src\stm32f1xx_hal_rcc_ex.c 0x00000000   Number         0  stm32f1xx_hal_rcc_ex.o ABSOLUTE
    ..\Drivers\STM32F1xx_HAL_Driver\Src\stm32f1xx_hal_spi.c 0x00000000   Number         0  stm32f1xx_hal_spi.o ABSOLUTE
    ..\Drivers\STM32F1xx_HAL_Driver\Src\stm32f1xx_hal_uart.c 0x00000000   Number         0  stm32f1xx_hal_uart.o ABSOLUTE
    ..\\App\\AS608.c                         0x00000000   Number         0  as608.o ABSOLUTE
    ..\\App\\RC522.c                         0x00000000   Number         0  rc522.o ABSOLUTE
    ..\\App\\oled.c                          0x00000000   Number         0  oled.o ABSOLUTE
    dc.s                                     0x00000000   Number         0  dc.o ABSOLUTE
    startup_stm32f103xb.s                    0x00000000   Number         0  startup_stm32f103xb.o ABSOLUTE
    RESET                                    0x08000000   Section      236  startup_stm32f103xb.o(RESET)
    !!!main                                  0x080000ec   Section        8  __main.o(!!!main)
    !!!scatter                               0x080000f4   Section       52  __scatter.o(!!!scatter)
    !!handler_copy                           0x08000128   Section       26  __scatter_copy.o(!!handler_copy)
    !!handler_zi                             0x08000144   Section       28  __scatter_zi.o(!!handler_zi)
    .ARM.Collect$$_printf_percent$$00000000  0x08000160   Section        0  _printf_percent.o(.ARM.Collect$$_printf_percent$$00000000)
    .ARM.Collect$$_printf_percent$$00000009  0x08000160   Section        6  _printf_d.o(.ARM.Collect$$_printf_percent$$00000009)
    .ARM.Collect$$_printf_percent$$0000000C  0x08000166   Section        6  _printf_x.o(.ARM.Collect$$_printf_percent$$0000000C)
    .ARM.Collect$$_printf_percent$$00000017  0x0800016c   Section        4  _printf_percent_end.o(.ARM.Collect$$_printf_percent$$00000017)
    .ARM.Collect$$libinit$$00000000          0x08000170   Section        2  libinit.o(.ARM.Collect$$libinit$$00000000)
    .ARM.Collect$$libinit$$00000002          0x08000172   Section        0  libinit2.o(.ARM.Collect$$libinit$$00000002)
    .ARM.Collect$$libinit$$00000004          0x08000172   Section        0  libinit2.o(.ARM.Collect$$libinit$$00000004)
    .ARM.Collect$$libinit$$0000000A          0x08000172   Section        0  libinit2.o(.ARM.Collect$$libinit$$0000000A)
    .ARM.Collect$$libinit$$0000000C          0x08000172   Section        0  libinit2.o(.ARM.Collect$$libinit$$0000000C)
    .ARM.Collect$$libinit$$0000000E          0x08000172   Section        0  libinit2.o(.ARM.Collect$$libinit$$0000000E)
    .ARM.Collect$$libinit$$00000011          0x08000172   Section        0  libinit2.o(.ARM.Collect$$libinit$$00000011)
    .ARM.Collect$$libinit$$00000013          0x08000172   Section        0  libinit2.o(.ARM.Collect$$libinit$$00000013)
    .ARM.Collect$$libinit$$00000015          0x08000172   Section        0  libinit2.o(.ARM.Collect$$libinit$$00000015)
    .ARM.Collect$$libinit$$00000017          0x08000172   Section        0  libinit2.o(.ARM.Collect$$libinit$$00000017)
    .ARM.Collect$$libinit$$00000019          0x08000172   Section        0  libinit2.o(.ARM.Collect$$libinit$$00000019)
    .ARM.Collect$$libinit$$0000001B          0x08000172   Section        0  libinit2.o(.ARM.Collect$$libinit$$0000001B)
    .ARM.Collect$$libinit$$0000001D          0x08000172   Section        0  libinit2.o(.ARM.Collect$$libinit$$0000001D)
    .ARM.Collect$$libinit$$0000001F          0x08000172   Section        0  libinit2.o(.ARM.Collect$$libinit$$0000001F)
    .ARM.Collect$$libinit$$00000021          0x08000172   Section        0  libinit2.o(.ARM.Collect$$libinit$$00000021)
    .ARM.Collect$$libinit$$00000023          0x08000172   Section        0  libinit2.o(.ARM.Collect$$libinit$$00000023)
    .ARM.Collect$$libinit$$00000025          0x08000172   Section        0  libinit2.o(.ARM.Collect$$libinit$$00000025)
    .ARM.Collect$$libinit$$0000002C          0x08000172   Section        0  libinit2.o(.ARM.Collect$$libinit$$0000002C)
    .ARM.Collect$$libinit$$0000002E          0x08000172   Section        0  libinit2.o(.ARM.Collect$$libinit$$0000002E)
    .ARM.Collect$$libinit$$00000030          0x08000172   Section        0  libinit2.o(.ARM.Collect$$libinit$$00000030)
    .ARM.Collect$$libinit$$00000032          0x08000172   Section        0  libinit2.o(.ARM.Collect$$libinit$$00000032)
    .ARM.Collect$$libinit$$00000033          0x08000172   Section        2  libinit2.o(.ARM.Collect$$libinit$$00000033)
    .ARM.Collect$$libshutdown$$00000000      0x08000174   Section        2  libshutdown.o(.ARM.Collect$$libshutdown$$00000000)
    .ARM.Collect$$libshutdown$$00000002      0x08000176   Section        0  libshutdown2.o(.ARM.Collect$$libshutdown$$00000002)
    .ARM.Collect$$libshutdown$$00000004      0x08000176   Section        0  libshutdown2.o(.ARM.Collect$$libshutdown$$00000004)
    .ARM.Collect$$libshutdown$$00000007      0x08000176   Section        0  libshutdown2.o(.ARM.Collect$$libshutdown$$00000007)
    .ARM.Collect$$libshutdown$$0000000A      0x08000176   Section        0  libshutdown2.o(.ARM.Collect$$libshutdown$$0000000A)
    .ARM.Collect$$libshutdown$$0000000C      0x08000176   Section        0  libshutdown2.o(.ARM.Collect$$libshutdown$$0000000C)
    .ARM.Collect$$libshutdown$$0000000F      0x08000176   Section        0  libshutdown2.o(.ARM.Collect$$libshutdown$$0000000F)
    .ARM.Collect$$libshutdown$$00000010      0x08000176   Section        2  libshutdown2.o(.ARM.Collect$$libshutdown$$00000010)
    .ARM.Collect$$rtentry$$00000000          0x08000178   Section        0  __rtentry.o(.ARM.Collect$$rtentry$$00000000)
    .ARM.Collect$$rtentry$$00000002          0x08000178   Section        0  __rtentry2.o(.ARM.Collect$$rtentry$$00000002)
    .ARM.Collect$$rtentry$$00000004          0x08000178   Section        6  __rtentry4.o(.ARM.Collect$$rtentry$$00000004)
    .ARM.Collect$$rtentry$$00000009          0x0800017e   Section        0  __rtentry2.o(.ARM.Collect$$rtentry$$00000009)
    .ARM.Collect$$rtentry$$0000000A          0x0800017e   Section        4  __rtentry2.o(.ARM.Collect$$rtentry$$0000000A)
    .ARM.Collect$$rtentry$$0000000C          0x08000182   Section        0  __rtentry2.o(.ARM.Collect$$rtentry$$0000000C)
    .ARM.Collect$$rtentry$$0000000D          0x08000182   Section        8  __rtentry2.o(.ARM.Collect$$rtentry$$0000000D)
    .ARM.Collect$$rtexit$$00000000           0x0800018a   Section        2  rtexit.o(.ARM.Collect$$rtexit$$00000000)
    .ARM.Collect$$rtexit$$00000002           0x0800018c   Section        0  rtexit2.o(.ARM.Collect$$rtexit$$00000002)
    .ARM.Collect$$rtexit$$00000003           0x0800018c   Section        4  rtexit2.o(.ARM.Collect$$rtexit$$00000003)
    .ARM.Collect$$rtexit$$00000004           0x08000190   Section        6  rtexit2.o(.ARM.Collect$$rtexit$$00000004)
    .text                                    0x08000198   Section       64  startup_stm32f103xb.o(.text)
    .text                                    0x080001d8   Section        0  noretval__2sprintf.o(.text)
    .text                                    0x08000200   Section        0  _printf_pad.o(.text)
    .text                                    0x08000250   Section        0  _printf_dec.o(.text)
    .text                                    0x080002c8   Section        0  _printf_hex_int.o(.text)
    .text                                    0x08000320   Section        0  __printf_flags_wp.o(.text)
    .text                                    0x08000458   Section        0  strstr.o(.text)
    .text                                    0x0800047c   Section        0  memcmp.o(.text)
    .text                                    0x080004d4   Section      138  rt_memcpy_v6.o(.text)
    .text                                    0x0800055e   Section       68  rt_memclr.o(.text)
    .text                                    0x080005a2   Section       78  rt_memclr_w.o(.text)
    .text                                    0x080005f0   Section        0  heapauxi.o(.text)
    .text                                    0x080005f6   Section        0  _printf_intcommon.o(.text)
    .text                                    0x080006a8   Section        0  _printf_char_common.o(.text)
    _printf_input_char                       0x080006a9   Thumb Code    10  _printf_char_common.o(.text)
    .text                                    0x080006d8   Section        0  _sputc.o(.text)
    .text                                    0x080006e2   Section      100  rt_memcpy_w.o(.text)
    .text                                    0x08000746   Section       74  sys_stackheap_outer.o(.text)
    .text                                    0x08000790   Section        0  exit.o(.text)
    .text                                    0x080007a4   Section        8  libspace.o(.text)
    .text                                    0x080007ac   Section        0  sys_exit.o(.text)
    .text                                    0x080007b8   Section        2  use_no_semi.o(.text)
    .text                                    0x080007ba   Section        0  indicate_semi.o(.text)
    i.ADC_ConversionStop_Disable             0x080007bc   Section        0  stm32f1xx_hal_adc.o(i.ADC_ConversionStop_Disable)
    i.AS608_GenChar                          0x08000812   Section        0  as608.o(i.AS608_GenChar)
    i.AS608_GetImage                         0x08000840   Section        0  as608.o(i.AS608_GetImage)
    i.AS608_HandShake                        0x0800086c   Section        0  as608.o(i.AS608_HandShake)
    i.AS608_Init                             0x080008e0   Section        0  as608.o(i.AS608_Init)
    i.AS608_ReceivePacket                    0x08000908   Section        0  as608.o(i.AS608_ReceivePacket)
    AS608_ReceivePacket                      0x08000909   Thumb Code   100  as608.o(i.AS608_ReceivePacket)
    i.AS608_Search                           0x08000974   Section        0  as608.o(i.AS608_Search)
    i.AS608_SendCommand                      0x080009d0   Section        0  as608.o(i.AS608_SendCommand)
    AS608_SendCommand                        0x080009d1   Thumb Code   172  as608.o(i.AS608_SendCommand)
    i.AS608_SimpleHandShake                  0x08000a84   Section        0  as608.o(i.AS608_SimpleHandShake)
    AS608_SimpleHandShake                    0x08000a85   Thumb Code   176  as608.o(i.AS608_SimpleHandShake)
    i.AS608_VerifyFinger                     0x08000b40   Section        0  as608.o(i.AS608_VerifyFinger)
    i.AddNFCCardMode                         0x08000b6c   Section        0  main.o(i.AddNFCCardMode)
    i.BusFault_Handler                       0x08000c84   Section        0  stm32f1xx_it.o(i.BusFault_Handler)
    i.DebugMon_Handler                       0x08000c86   Section        0  stm32f1xx_it.o(i.DebugMon_Handler)
    i.Error_Handler                          0x08000c88   Section        0  main.o(i.Error_Handler)
    i.HAL_ADC_ConfigChannel                  0x08000c8c   Section        0  stm32f1xx_hal_adc.o(i.HAL_ADC_ConfigChannel)
    i.HAL_ADC_Init                           0x08000d88   Section        0  stm32f1xx_hal_adc.o(i.HAL_ADC_Init)
    i.HAL_ADC_MspInit                        0x08000ea4   Section        0  adc.o(i.HAL_ADC_MspInit)
    i.HAL_DMA_Abort                          0x08000efc   Section        0  stm32f1xx_hal_dma.o(i.HAL_DMA_Abort)
    i.HAL_DMA_Abort_IT                       0x08000f44   Section        0  stm32f1xx_hal_dma.o(i.HAL_DMA_Abort_IT)
    i.HAL_Delay                              0x08000fdc   Section        0  stm32f1xx_hal.o(i.HAL_Delay)
    i.HAL_GPIO_Init                          0x08001000   Section        0  stm32f1xx_hal_gpio.o(i.HAL_GPIO_Init)
    i.HAL_GPIO_WritePin                      0x080011e0   Section        0  stm32f1xx_hal_gpio.o(i.HAL_GPIO_WritePin)
    i.HAL_GetTick                            0x080011ec   Section        0  stm32f1xx_hal.o(i.HAL_GetTick)
    i.HAL_IncTick                            0x080011f8   Section        0  stm32f1xx_hal.o(i.HAL_IncTick)
    i.HAL_Init                               0x08001208   Section        0  stm32f1xx_hal.o(i.HAL_Init)
    i.HAL_InitTick                           0x0800122c   Section        0  stm32f1xx_hal.o(i.HAL_InitTick)
    i.HAL_MspInit                            0x0800126c   Section        0  stm32f1xx_hal_msp.o(i.HAL_MspInit)
    i.HAL_NVIC_EnableIRQ                     0x080012a8   Section        0  stm32f1xx_hal_cortex.o(i.HAL_NVIC_EnableIRQ)
    i.HAL_NVIC_SetPriority                   0x080012c4   Section        0  stm32f1xx_hal_cortex.o(i.HAL_NVIC_SetPriority)
    i.HAL_NVIC_SetPriorityGrouping           0x08001304   Section        0  stm32f1xx_hal_cortex.o(i.HAL_NVIC_SetPriorityGrouping)
    i.HAL_RCCEx_PeriphCLKConfig              0x08001328   Section        0  stm32f1xx_hal_rcc_ex.o(i.HAL_RCCEx_PeriphCLKConfig)
    i.HAL_RCC_ClockConfig                    0x08001414   Section        0  stm32f1xx_hal_rcc.o(i.HAL_RCC_ClockConfig)
    i.HAL_RCC_GetPCLK1Freq                   0x08001540   Section        0  stm32f1xx_hal_rcc.o(i.HAL_RCC_GetPCLK1Freq)
    i.HAL_RCC_GetPCLK2Freq                   0x08001560   Section        0  stm32f1xx_hal_rcc.o(i.HAL_RCC_GetPCLK2Freq)
    i.HAL_RCC_GetSysClockFreq                0x08001580   Section        0  stm32f1xx_hal_rcc.o(i.HAL_RCC_GetSysClockFreq)
    i.HAL_RCC_OscConfig                      0x080015cc   Section        0  stm32f1xx_hal_rcc.o(i.HAL_RCC_OscConfig)
    i.HAL_SPI_ErrorCallback                  0x080018ec   Section        0  stm32f1xx_hal_spi.o(i.HAL_SPI_ErrorCallback)
    i.HAL_SPI_IRQHandler                     0x080018f0   Section        0  stm32f1xx_hal_spi.o(i.HAL_SPI_IRQHandler)
    i.HAL_SPI_Init                           0x080019d0   Section        0  stm32f1xx_hal_spi.o(i.HAL_SPI_Init)
    i.HAL_SPI_MspInit                        0x08001a84   Section        0  spi.o(i.HAL_SPI_MspInit)
    i.HAL_SPI_TransmitReceive                0x08001b04   Section        0  stm32f1xx_hal_spi.o(i.HAL_SPI_TransmitReceive)
    i.HAL_SYSTICK_Config                     0x08001cf4   Section        0  stm32f1xx_hal_cortex.o(i.HAL_SYSTICK_Config)
    i.HAL_UARTEx_RxEventCallback             0x08001d1c   Section        0  stm32f1xx_hal_uart.o(i.HAL_UARTEx_RxEventCallback)
    i.HAL_UART_ErrorCallback                 0x08001d1e   Section        0  stm32f1xx_hal_uart.o(i.HAL_UART_ErrorCallback)
    i.HAL_UART_IRQHandler                    0x08001d20   Section        0  stm32f1xx_hal_uart.o(i.HAL_UART_IRQHandler)
    i.HAL_UART_Init                          0x08001f8c   Section        0  stm32f1xx_hal_uart.o(i.HAL_UART_Init)
    i.HAL_UART_MspInit                       0x08001ff0   Section        0  usart.o(i.HAL_UART_MspInit)
    i.HAL_UART_Receive_IT                    0x080020cc   Section        0  stm32f1xx_hal_uart.o(i.HAL_UART_Receive_IT)
    i.HAL_UART_RxCpltCallback                0x080020e8   Section        0  stm32f1xx_it.o(i.HAL_UART_RxCpltCallback)
    i.HAL_UART_Transmit                      0x08002224   Section        0  stm32f1xx_hal_uart.o(i.HAL_UART_Transmit)
    i.HAL_UART_TxCpltCallback                0x080022c4   Section        0  stm32f1xx_hal_uart.o(i.HAL_UART_TxCpltCallback)
    i.HardFault_Handler                      0x080022c6   Section        0  stm32f1xx_it.o(i.HardFault_Handler)
    i.I2C_Start                              0x080022c8   Section        0  oled.o(i.I2C_Start)
    i.I2C_Stop                               0x0800230c   Section        0  oled.o(i.I2C_Stop)
    i.I2C_WaitAck                            0x08002340   Section        0  oled.o(i.I2C_WaitAck)
    i.IIC_delay                              0x08002378   Section        0  oled.o(i.IIC_delay)
    i.IsNFCCardRegistered                    0x08002384   Section        0  main.o(i.IsNFCCardRegistered)
    i.MFRC_ClrBitMask                        0x080023c0   Section        0  rc522.o(i.MFRC_ClrBitMask)
    i.MFRC_CmdFrame                          0x080023d8   Section        0  rc522.o(i.MFRC_CmdFrame)
    i.MFRC_Init                              0x080024f8   Section        0  rc522.o(i.MFRC_Init)
    i.MFRC_ReadReg                           0x0800251c   Section        0  rc522.o(i.MFRC_ReadReg)
    i.MFRC_SetBitMask                        0x08002554   Section        0  rc522.o(i.MFRC_SetBitMask)
    i.MFRC_WriteReg                          0x0800256c   Section        0  rc522.o(i.MFRC_WriteReg)
    i.MX_ADC1_Init                           0x080025a0   Section        0  adc.o(i.MX_ADC1_Init)
    i.MX_GPIO_Init                           0x080025f0   Section        0  gpio.o(i.MX_GPIO_Init)
    i.MX_SPI1_Init                           0x080026d4   Section        0  spi.o(i.MX_SPI1_Init)
    i.MX_USART2_UART_Init                    0x0800271c   Section        0  usart.o(i.MX_USART2_UART_Init)
    i.MX_USART3_UART_Init                    0x08002764   Section        0  usart.o(i.MX_USART3_UART_Init)
    i.MemManage_Handler                      0x080027ac   Section        0  stm32f1xx_it.o(i.MemManage_Handler)
    i.NMI_Handler                            0x080027ae   Section        0  stm32f1xx_it.o(i.NMI_Handler)
    i.OLED_Clear                             0x080027b0   Section        0  oled.o(i.OLED_Clear)
    i.OLED_DrawPoint                         0x080027dc   Section        0  oled.o(i.OLED_DrawPoint)
    i.OLED_Init                              0x08002808   Section        0  oled.o(i.OLED_Init)
    i.OLED_Refresh                           0x080028e4   Section        0  oled.o(i.OLED_Refresh)
    i.OLED_ShowChar                          0x0800294c   Section        0  oled.o(i.OLED_ShowChar)
    i.OLED_ShowString                        0x08002a30   Section        0  oled.o(i.OLED_ShowString)
    i.OLED_WR_Byte                           0x08002a6c   Section        0  oled.o(i.OLED_WR_Byte)
    i.PCD_AntennaOff                         0x08002aa2   Section        0  rc522.o(i.PCD_AntennaOff)
    i.PCD_AntennaOn                          0x08002aaa   Section        0  rc522.o(i.PCD_AntennaOn)
    i.PCD_Anticoll                           0x08002ac4   Section        0  rc522.o(i.PCD_Anticoll)
    i.PCD_Init                               0x08002b2e   Section        0  rc522.o(i.PCD_Init)
    i.PCD_Request                            0x08002b44   Section        0  rc522.o(i.PCD_Request)
    i.PCD_Reset                              0x08002b94   Section        0  rc522.o(i.PCD_Reset)
    i.PendSV_Handler                         0x08002c1c   Section        0  stm32f1xx_it.o(i.PendSV_Handler)
    i.SPI1_IRQHandler                        0x08002c20   Section        0  stm32f1xx_it.o(i.SPI1_IRQHandler)
    i.SPI1_RW_Byte                           0x08002c2c   Section        0  rc522.o(i.SPI1_RW_Byte)
    i.SPI_DMAAbortOnError                    0x08002c4c   Section        0  stm32f1xx_hal_spi.o(i.SPI_DMAAbortOnError)
    SPI_DMAAbortOnError                      0x08002c4d   Thumb Code    16  stm32f1xx_hal_spi.o(i.SPI_DMAAbortOnError)
    i.SPI_EndRxTxTransaction                 0x08002c5c   Section        0  stm32f1xx_hal_spi.o(i.SPI_EndRxTxTransaction)
    SPI_EndRxTxTransaction                   0x08002c5d   Thumb Code    52  stm32f1xx_hal_spi.o(i.SPI_EndRxTxTransaction)
    i.SPI_WaitFlagStateUntilTimeout          0x08002c90   Section        0  stm32f1xx_hal_spi.o(i.SPI_WaitFlagStateUntilTimeout)
    SPI_WaitFlagStateUntilTimeout            0x08002c91   Thumb Code   180  stm32f1xx_hal_spi.o(i.SPI_WaitFlagStateUntilTimeout)
    i.SVC_Handler                            0x08002d48   Section        0  stm32f1xx_it.o(i.SVC_Handler)
    i.SaveNFCCardToFlash                     0x08002d4c   Section        0  main.o(i.SaveNFCCardToFlash)
    i.Send_Byte                              0x08002d6c   Section        0  oled.o(i.Send_Byte)
    i.SysTick_Handler                        0x08002dc0   Section        0  stm32f1xx_it.o(i.SysTick_Handler)
    i.SystemClock_Config                     0x08002dc4   Section        0  main.o(i.SystemClock_Config)
    i.SystemInit                             0x08002e3c   Section        0  system_stm32f1xx.o(i.SystemInit)
    i.UART_DMAAbortOnError                   0x08002e3e   Section        0  stm32f1xx_hal_uart.o(i.UART_DMAAbortOnError)
    UART_DMAAbortOnError                     0x08002e3f   Thumb Code    16  stm32f1xx_hal_uart.o(i.UART_DMAAbortOnError)
    i.UART_EndRxTransfer                     0x08002e4e   Section        0  stm32f1xx_hal_uart.o(i.UART_EndRxTransfer)
    UART_EndRxTransfer                       0x08002e4f   Thumb Code    78  stm32f1xx_hal_uart.o(i.UART_EndRxTransfer)
    i.UART_Receive_IT                        0x08002e9c   Section        0  stm32f1xx_hal_uart.o(i.UART_Receive_IT)
    UART_Receive_IT                          0x08002e9d   Thumb Code   194  stm32f1xx_hal_uart.o(i.UART_Receive_IT)
    i.UART_SetConfig                         0x08002f60   Section        0  stm32f1xx_hal_uart.o(i.UART_SetConfig)
    UART_SetConfig                           0x08002f61   Thumb Code   178  stm32f1xx_hal_uart.o(i.UART_SetConfig)
    i.UART_Start_Receive_IT                  0x08003018   Section        0  stm32f1xx_hal_uart.o(i.UART_Start_Receive_IT)
    i.UART_WaitOnFlagUntilTimeout            0x0800304e   Section        0  stm32f1xx_hal_uart.o(i.UART_WaitOnFlagUntilTimeout)
    UART_WaitOnFlagUntilTimeout              0x0800304f   Thumb Code   114  stm32f1xx_hal_uart.o(i.UART_WaitOnFlagUntilTimeout)
    i.USART2_IRQHandler                      0x080030c0   Section        0  stm32f1xx_it.o(i.USART2_IRQHandler)
    i.USART3_IRQHandler                      0x080030cc   Section        0  stm32f1xx_it.o(i.USART3_IRQHandler)
    i.UsageFault_Handler                     0x080030d8   Section        0  stm32f1xx_it.o(i.UsageFault_Handler)
    i.__NVIC_SetPriority                     0x080030da   Section        0  stm32f1xx_hal_cortex.o(i.__NVIC_SetPriority)
    __NVIC_SetPriority                       0x080030db   Thumb Code    32  stm32f1xx_hal_cortex.o(i.__NVIC_SetPriority)
    i._is_digit                              0x080030fa   Section        0  __printf_wp.o(i._is_digit)
    i.main                                   0x08003108   Section        0  main.o(i.main)
    .constdata                               0x080035bc   Section       18  stm32f1xx_hal_rcc.o(.constdata)
    aPredivFactorTable                       0x080035bc   Data           2  stm32f1xx_hal_rcc.o(.constdata)
    aPLLMULFactorTable                       0x080035be   Data          16  stm32f1xx_hal_rcc.o(.constdata)
    .constdata                               0x080035ce   Section       16  system_stm32f1xx.o(.constdata)
    .constdata                               0x080035de   Section        8  system_stm32f1xx.o(.constdata)
    .constdata                               0x080035e6   Section     6632  oled.o(.constdata)
    .constdata                               0x08004fce   Section       40  _printf_hex_int.o(.constdata)
    uc_hextab                                0x08004fce   Data          20  _printf_hex_int.o(.constdata)
    lc_hextab                                0x08004fe2   Data          20  _printf_hex_int.o(.constdata)
    .constdata                               0x08004ff6   Section       17  __printf_flags_wp.o(.constdata)
    maptable                                 0x08004ff6   Data          17  __printf_flags_wp.o(.constdata)
    .data                                    0x20000000   Section        8  main.o(.data)
    lastFingerCheckTime                      0x20000004   Data           4  main.o(.data)
    .data                                    0x20000008   Section        2  stm32f1xx_it.o(.data)
    .data                                    0x2000000c   Section       12  stm32f1xx_hal.o(.data)
    .data                                    0x20000018   Section        4  system_stm32f1xx.o(.data)
    .data                                    0x2000001c   Section        8  as608.o(.data)
    .bss                                     0x20000024   Section       40  main.o(.bss)
    .bss                                     0x2000004c   Section       48  adc.o(.bss)
    .bss                                     0x2000007c   Section       88  spi.o(.bss)
    .bss                                     0x200000d4   Section      144  usart.o(.bss)
    .bss                                     0x20000164   Section      256  stm32f1xx_it.o(.bss)
    .bss                                     0x20000264   Section     1152  oled.o(.bss)
    .bss                                     0x200006e4   Section      256  as608.o(.bss)
    .bss                                     0x200007e4   Section       96  libspace.o(.bss)
    HEAP                                     0x20000848   Section      512  startup_stm32f103xb.o(HEAP)
    Heap_Mem                                 0x20000848   Data         512  startup_stm32f103xb.o(HEAP)
    STACK                                    0x20000a48   Section     1024  startup_stm32f103xb.o(STACK)
    Stack_Mem                                0x20000a48   Data        1024  startup_stm32f103xb.o(STACK)
    __initial_sp                             0x20000e48   Data           0  startup_stm32f103xb.o(STACK)

    Global Symbols

    Symbol Name                              Value     Ov Type        Size  Object(Section)

    BuildAttributes$$THM_ISAv4$P$D$K$B$S$PE$A:L22UL41UL21$X:L11$S22US41US21$IEEE1$IW$USESV6$~STKCKD$USESV7$~SHL$OSPACE$ROPI$EBA8$UX$STANDARDLIB$REQ8$PRES8$EABIv2 0x00000000   Number         0  anon$$obj.o ABSOLUTE
    __ARM_use_no_argv                        0x00000000   Number         0  main.o ABSOLUTE
    _printf_flags                            0x00000000   Number         0  printf_stubs.o ABSOLUTE
    _printf_return_value                     0x00000000   Number         0  printf_stubs.o ABSOLUTE
    _printf_sizespec                         0x00000000   Number         0  printf_stubs.o ABSOLUTE
    _printf_widthprec                        0x00000000   Number         0  printf_stubs.o ABSOLUTE
    __ARM_exceptions_init                     - Undefined Weak Reference
    __alloca_initialize                       - Undefined Weak Reference
    __arm_preinit_                            - Undefined Weak Reference
    __cpp_initialize__aeabi_                  - Undefined Weak Reference
    __cxa_finalize                            - Undefined Weak Reference
    __rt_locale                               - Undefined Weak Reference
    __sigvec_lookup                           - Undefined Weak Reference
    _atexit_init                              - Undefined Weak Reference
    _call_atexit_fns                          - Undefined Weak Reference
    _clock_init                               - Undefined Weak Reference
    _fp_trap_init                             - Undefined Weak Reference
    _fp_trap_shutdown                         - Undefined Weak Reference
    _get_lc_collate                           - Undefined Weak Reference
    _get_lc_ctype                             - Undefined Weak Reference
    _get_lc_monetary                          - Undefined Weak Reference
    _get_lc_numeric                           - Undefined Weak Reference
    _get_lc_time                              - Undefined Weak Reference
    _getenv_init                              - Undefined Weak Reference
    _handle_redirection                       - Undefined Weak Reference
    _init_alloc                               - Undefined Weak Reference
    _init_user_alloc                          - Undefined Weak Reference
    _initio                                   - Undefined Weak Reference
    _printf_truncate_signed                   - Undefined Weak Reference
    _printf_truncate_unsigned                 - Undefined Weak Reference
    _rand_init                                - Undefined Weak Reference
    _signal_finish                            - Undefined Weak Reference
    _signal_init                              - Undefined Weak Reference
    _terminate_alloc                          - Undefined Weak Reference
    _terminate_user_alloc                     - Undefined Weak Reference
    _terminateio                              - Undefined Weak Reference
    __Vectors_Size                           0x000000ec   Number         0  startup_stm32f103xb.o ABSOLUTE
    __Vectors                                0x08000000   Data           4  startup_stm32f103xb.o(RESET)
    __Vectors_End                            0x080000ec   Data           0  startup_stm32f103xb.o(RESET)
    __main                                   0x080000ed   Thumb Code     8  __main.o(!!!main)
    __scatterload                            0x080000f5   Thumb Code     0  __scatter.o(!!!scatter)
    __scatterload_rt2                        0x080000f5   Thumb Code    44  __scatter.o(!!!scatter)
    __scatterload_rt2_thumb_only             0x080000f5   Thumb Code     0  __scatter.o(!!!scatter)
    __scatterload_null                       0x08000103   Thumb Code     0  __scatter.o(!!!scatter)
    __scatterload_copy                       0x08000129   Thumb Code    26  __scatter_copy.o(!!handler_copy)
    __scatterload_zeroinit                   0x08000145   Thumb Code    28  __scatter_zi.o(!!handler_zi)
    _printf_d                                0x08000161   Thumb Code     0  _printf_d.o(.ARM.Collect$$_printf_percent$$00000009)
    _printf_percent                          0x08000161   Thumb Code     0  _printf_percent.o(.ARM.Collect$$_printf_percent$$00000000)
    _printf_x                                0x08000167   Thumb Code     0  _printf_x.o(.ARM.Collect$$_printf_percent$$0000000C)
    _printf_percent_end                      0x0800016d   Thumb Code     0  _printf_percent_end.o(.ARM.Collect$$_printf_percent$$00000017)
    __rt_lib_init                            0x08000171   Thumb Code     0  libinit.o(.ARM.Collect$$libinit$$00000000)
    __rt_lib_init_alloca_1                   0x08000173   Thumb Code     0  libinit2.o(.ARM.Collect$$libinit$$0000002E)
    __rt_lib_init_argv_1                     0x08000173   Thumb Code     0  libinit2.o(.ARM.Collect$$libinit$$0000002C)
    __rt_lib_init_atexit_1                   0x08000173   Thumb Code     0  libinit2.o(.ARM.Collect$$libinit$$0000001B)
    __rt_lib_init_clock_1                    0x08000173   Thumb Code     0  libinit2.o(.ARM.Collect$$libinit$$00000021)
    __rt_lib_init_cpp_1                      0x08000173   Thumb Code     0  libinit2.o(.ARM.Collect$$libinit$$00000032)
    __rt_lib_init_exceptions_1               0x08000173   Thumb Code     0  libinit2.o(.ARM.Collect$$libinit$$00000030)
    __rt_lib_init_fp_1                       0x08000173   Thumb Code     0  libinit2.o(.ARM.Collect$$libinit$$00000002)
    __rt_lib_init_fp_trap_1                  0x08000173   Thumb Code     0  libinit2.o(.ARM.Collect$$libinit$$0000001F)
    __rt_lib_init_getenv_1                   0x08000173   Thumb Code     0  libinit2.o(.ARM.Collect$$libinit$$00000023)
    __rt_lib_init_heap_1                     0x08000173   Thumb Code     0  libinit2.o(.ARM.Collect$$libinit$$0000000A)
    __rt_lib_init_lc_collate_1               0x08000173   Thumb Code     0  libinit2.o(.ARM.Collect$$libinit$$00000011)
    __rt_lib_init_lc_ctype_1                 0x08000173   Thumb Code     0  libinit2.o(.ARM.Collect$$libinit$$00000013)
    __rt_lib_init_lc_monetary_1              0x08000173   Thumb Code     0  libinit2.o(.ARM.Collect$$libinit$$00000015)
    __rt_lib_init_lc_numeric_1               0x08000173   Thumb Code     0  libinit2.o(.ARM.Collect$$libinit$$00000017)
    __rt_lib_init_lc_time_1                  0x08000173   Thumb Code     0  libinit2.o(.ARM.Collect$$libinit$$00000019)
    __rt_lib_init_preinit_1                  0x08000173   Thumb Code     0  libinit2.o(.ARM.Collect$$libinit$$00000004)
    __rt_lib_init_rand_1                     0x08000173   Thumb Code     0  libinit2.o(.ARM.Collect$$libinit$$0000000E)
    __rt_lib_init_return                     0x08000173   Thumb Code     0  libinit2.o(.ARM.Collect$$libinit$$00000033)
    __rt_lib_init_signal_1                   0x08000173   Thumb Code     0  libinit2.o(.ARM.Collect$$libinit$$0000001D)
    __rt_lib_init_stdio_1                    0x08000173   Thumb Code     0  libinit2.o(.ARM.Collect$$libinit$$00000025)
    __rt_lib_init_user_alloc_1               0x08000173   Thumb Code     0  libinit2.o(.ARM.Collect$$libinit$$0000000C)
    __rt_lib_shutdown                        0x08000175   Thumb Code     0  libshutdown.o(.ARM.Collect$$libshutdown$$00000000)
    __rt_lib_shutdown_cpp_1                  0x08000177   Thumb Code     0  libshutdown2.o(.ARM.Collect$$libshutdown$$00000002)
    __rt_lib_shutdown_fp_trap_1              0x08000177   Thumb Code     0  libshutdown2.o(.ARM.Collect$$libshutdown$$00000007)
    __rt_lib_shutdown_heap_1                 0x08000177   Thumb Code     0  libshutdown2.o(.ARM.Collect$$libshutdown$$0000000F)
    __rt_lib_shutdown_return                 0x08000177   Thumb Code     0  libshutdown2.o(.ARM.Collect$$libshutdown$$00000010)
    __rt_lib_shutdown_signal_1               0x08000177   Thumb Code     0  libshutdown2.o(.ARM.Collect$$libshutdown$$0000000A)
    __rt_lib_shutdown_stdio_1                0x08000177   Thumb Code     0  libshutdown2.o(.ARM.Collect$$libshutdown$$00000004)
    __rt_lib_shutdown_user_alloc_1           0x08000177   Thumb Code     0  libshutdown2.o(.ARM.Collect$$libshutdown$$0000000C)
    __rt_entry                               0x08000179   Thumb Code     0  __rtentry.o(.ARM.Collect$$rtentry$$00000000)
    __rt_entry_presh_1                       0x08000179   Thumb Code     0  __rtentry2.o(.ARM.Collect$$rtentry$$00000002)
    __rt_entry_sh                            0x08000179   Thumb Code     0  __rtentry4.o(.ARM.Collect$$rtentry$$00000004)
    __rt_entry_li                            0x0800017f   Thumb Code     0  __rtentry2.o(.ARM.Collect$$rtentry$$0000000A)
    __rt_entry_postsh_1                      0x0800017f   Thumb Code     0  __rtentry2.o(.ARM.Collect$$rtentry$$00000009)
    __rt_entry_main                          0x08000183   Thumb Code     0  __rtentry2.o(.ARM.Collect$$rtentry$$0000000D)
    __rt_entry_postli_1                      0x08000183   Thumb Code     0  __rtentry2.o(.ARM.Collect$$rtentry$$0000000C)
    __rt_exit                                0x0800018b   Thumb Code     0  rtexit.o(.ARM.Collect$$rtexit$$00000000)
    __rt_exit_ls                             0x0800018d   Thumb Code     0  rtexit2.o(.ARM.Collect$$rtexit$$00000003)
    __rt_exit_prels_1                        0x0800018d   Thumb Code     0  rtexit2.o(.ARM.Collect$$rtexit$$00000002)
    __rt_exit_exit                           0x08000191   Thumb Code     0  rtexit2.o(.ARM.Collect$$rtexit$$00000004)
    Reset_Handler                            0x08000199   Thumb Code     8  startup_stm32f103xb.o(.text)
    ADC1_2_IRQHandler                        0x080001b3   Thumb Code     0  startup_stm32f103xb.o(.text)
    CAN1_RX1_IRQHandler                      0x080001b3   Thumb Code     0  startup_stm32f103xb.o(.text)
    CAN1_SCE_IRQHandler                      0x080001b3   Thumb Code     0  startup_stm32f103xb.o(.text)
    DMA1_Channel1_IRQHandler                 0x080001b3   Thumb Code     0  startup_stm32f103xb.o(.text)
    DMA1_Channel2_IRQHandler                 0x080001b3   Thumb Code     0  startup_stm32f103xb.o(.text)
    DMA1_Channel3_IRQHandler                 0x080001b3   Thumb Code     0  startup_stm32f103xb.o(.text)
    DMA1_Channel4_IRQHandler                 0x080001b3   Thumb Code     0  startup_stm32f103xb.o(.text)
    DMA1_Channel5_IRQHandler                 0x080001b3   Thumb Code     0  startup_stm32f103xb.o(.text)
    DMA1_Channel6_IRQHandler                 0x080001b3   Thumb Code     0  startup_stm32f103xb.o(.text)
    DMA1_Channel7_IRQHandler                 0x080001b3   Thumb Code     0  startup_stm32f103xb.o(.text)
    EXTI0_IRQHandler                         0x080001b3   Thumb Code     0  startup_stm32f103xb.o(.text)
    EXTI15_10_IRQHandler                     0x080001b3   Thumb Code     0  startup_stm32f103xb.o(.text)
    EXTI1_IRQHandler                         0x080001b3   Thumb Code     0  startup_stm32f103xb.o(.text)
    EXTI2_IRQHandler                         0x080001b3   Thumb Code     0  startup_stm32f103xb.o(.text)
    EXTI3_IRQHandler                         0x080001b3   Thumb Code     0  startup_stm32f103xb.o(.text)
    EXTI4_IRQHandler                         0x080001b3   Thumb Code     0  startup_stm32f103xb.o(.text)
    EXTI9_5_IRQHandler                       0x080001b3   Thumb Code     0  startup_stm32f103xb.o(.text)
    FLASH_IRQHandler                         0x080001b3   Thumb Code     0  startup_stm32f103xb.o(.text)
    I2C1_ER_IRQHandler                       0x080001b3   Thumb Code     0  startup_stm32f103xb.o(.text)
    I2C1_EV_IRQHandler                       0x080001b3   Thumb Code     0  startup_stm32f103xb.o(.text)
    I2C2_ER_IRQHandler                       0x080001b3   Thumb Code     0  startup_stm32f103xb.o(.text)
    I2C2_EV_IRQHandler                       0x080001b3   Thumb Code     0  startup_stm32f103xb.o(.text)
    PVD_IRQHandler                           0x080001b3   Thumb Code     0  startup_stm32f103xb.o(.text)
    RCC_IRQHandler                           0x080001b3   Thumb Code     0  startup_stm32f103xb.o(.text)
    RTC_Alarm_IRQHandler                     0x080001b3   Thumb Code     0  startup_stm32f103xb.o(.text)
    RTC_IRQHandler                           0x080001b3   Thumb Code     0  startup_stm32f103xb.o(.text)
    SPI2_IRQHandler                          0x080001b3   Thumb Code     0  startup_stm32f103xb.o(.text)
    TAMPER_IRQHandler                        0x080001b3   Thumb Code     0  startup_stm32f103xb.o(.text)
    TIM1_BRK_IRQHandler                      0x080001b3   Thumb Code     0  startup_stm32f103xb.o(.text)
    TIM1_CC_IRQHandler                       0x080001b3   Thumb Code     0  startup_stm32f103xb.o(.text)
    TIM1_TRG_COM_IRQHandler                  0x080001b3   Thumb Code     0  startup_stm32f103xb.o(.text)
    TIM1_UP_IRQHandler                       0x080001b3   Thumb Code     0  startup_stm32f103xb.o(.text)
    TIM2_IRQHandler                          0x080001b3   Thumb Code     0  startup_stm32f103xb.o(.text)
    TIM3_IRQHandler                          0x080001b3   Thumb Code     0  startup_stm32f103xb.o(.text)
    TIM4_IRQHandler                          0x080001b3   Thumb Code     0  startup_stm32f103xb.o(.text)
    USART1_IRQHandler                        0x080001b3   Thumb Code     0  startup_stm32f103xb.o(.text)
    USBWakeUp_IRQHandler                     0x080001b3   Thumb Code     0  startup_stm32f103xb.o(.text)
    USB_HP_CAN1_TX_IRQHandler                0x080001b3   Thumb Code     0  startup_stm32f103xb.o(.text)
    USB_LP_CAN1_RX0_IRQHandler               0x080001b3   Thumb Code     0  startup_stm32f103xb.o(.text)
    WWDG_IRQHandler                          0x080001b3   Thumb Code     0  startup_stm32f103xb.o(.text)
    __user_initial_stackheap                 0x080001b5   Thumb Code     0  startup_stm32f103xb.o(.text)
    __2sprintf                               0x080001d9   Thumb Code    34  noretval__2sprintf.o(.text)
    _printf_pre_padding                      0x08000201   Thumb Code    44  _printf_pad.o(.text)
    _printf_post_padding                     0x0800022d   Thumb Code    34  _printf_pad.o(.text)
    _printf_int_dec                          0x08000251   Thumb Code   104  _printf_dec.o(.text)
    _printf_int_hex                          0x080002c9   Thumb Code    84  _printf_hex_int.o(.text)
    _printf_longlong_hex                     0x080002c9   Thumb Code     0  _printf_hex_int.o(.text)
    __printf                                 0x08000321   Thumb Code   308  __printf_flags_wp.o(.text)
    strstr                                   0x08000459   Thumb Code    36  strstr.o(.text)
    memcmp                                   0x0800047d   Thumb Code    88  memcmp.o(.text)
    __aeabi_memcpy                           0x080004d5   Thumb Code     0  rt_memcpy_v6.o(.text)
    __rt_memcpy                              0x080004d5   Thumb Code   138  rt_memcpy_v6.o(.text)
    _memcpy_lastbytes                        0x0800053b   Thumb Code     0  rt_memcpy_v6.o(.text)
    __aeabi_memclr                           0x0800055f   Thumb Code     0  rt_memclr.o(.text)
    __rt_memclr                              0x0800055f   Thumb Code    68  rt_memclr.o(.text)
    _memset                                  0x08000563   Thumb Code     0  rt_memclr.o(.text)
    __aeabi_memclr4                          0x080005a3   Thumb Code     0  rt_memclr_w.o(.text)
    __aeabi_memclr8                          0x080005a3   Thumb Code     0  rt_memclr_w.o(.text)
    __rt_memclr_w                            0x080005a3   Thumb Code    78  rt_memclr_w.o(.text)
    _memset_w                                0x080005a7   Thumb Code     0  rt_memclr_w.o(.text)
    __use_two_region_memory                  0x080005f1   Thumb Code     2  heapauxi.o(.text)
    __rt_heap_escrow$2region                 0x080005f3   Thumb Code     2  heapauxi.o(.text)
    __rt_heap_expand$2region                 0x080005f5   Thumb Code     2  heapauxi.o(.text)
    _printf_int_common                       0x080005f7   Thumb Code   178  _printf_intcommon.o(.text)
    _printf_char_common                      0x080006b3   Thumb Code    32  _printf_char_common.o(.text)
    _sputc                                   0x080006d9   Thumb Code    10  _sputc.o(.text)
    __aeabi_memcpy4                          0x080006e3   Thumb Code     0  rt_memcpy_w.o(.text)
    __aeabi_memcpy8                          0x080006e3   Thumb Code     0  rt_memcpy_w.o(.text)
    __rt_memcpy_w                            0x080006e3   Thumb Code   100  rt_memcpy_w.o(.text)
    _memcpy_lastbytes_aligned                0x0800072b   Thumb Code     0  rt_memcpy_w.o(.text)
    __user_setup_stackheap                   0x08000747   Thumb Code    74  sys_stackheap_outer.o(.text)
    exit                                     0x08000791   Thumb Code    18  exit.o(.text)
    __user_libspace                          0x080007a5   Thumb Code     8  libspace.o(.text)
    __user_perproc_libspace                  0x080007a5   Thumb Code     0  libspace.o(.text)
    __user_perthread_libspace                0x080007a5   Thumb Code     0  libspace.o(.text)
    _sys_exit                                0x080007ad   Thumb Code     8  sys_exit.o(.text)
    __I$use$semihosting                      0x080007b9   Thumb Code     0  use_no_semi.o(.text)
    __use_no_semihosting_swi                 0x080007b9   Thumb Code     2  use_no_semi.o(.text)
    __semihosting_library_function           0x080007bb   Thumb Code     0  indicate_semi.o(.text)
    ADC_ConversionStop_Disable               0x080007bd   Thumb Code    86  stm32f1xx_hal_adc.o(i.ADC_ConversionStop_Disable)
    AS608_GenChar                            0x08000813   Thumb Code    46  as608.o(i.AS608_GenChar)
    AS608_GetImage                           0x08000841   Thumb Code    42  as608.o(i.AS608_GetImage)
    AS608_HandShake                          0x0800086d   Thumb Code   110  as608.o(i.AS608_HandShake)
    AS608_Init                               0x080008e1   Thumb Code    40  as608.o(i.AS608_Init)
    AS608_Search                             0x08000975   Thumb Code    92  as608.o(i.AS608_Search)
    AS608_VerifyFinger                       0x08000b41   Thumb Code    42  as608.o(i.AS608_VerifyFinger)
    AddNFCCardMode                           0x08000b6d   Thumb Code   172  main.o(i.AddNFCCardMode)
    BusFault_Handler                         0x08000c85   Thumb Code     2  stm32f1xx_it.o(i.BusFault_Handler)
    DebugMon_Handler                         0x08000c87   Thumb Code     2  stm32f1xx_it.o(i.DebugMon_Handler)
    Error_Handler                            0x08000c89   Thumb Code     4  main.o(i.Error_Handler)
    HAL_ADC_ConfigChannel                    0x08000c8d   Thumb Code   240  stm32f1xx_hal_adc.o(i.HAL_ADC_ConfigChannel)
    HAL_ADC_Init                             0x08000d89   Thumb Code   272  stm32f1xx_hal_adc.o(i.HAL_ADC_Init)
    HAL_ADC_MspInit                          0x08000ea5   Thumb Code    76  adc.o(i.HAL_ADC_MspInit)
    HAL_DMA_Abort                            0x08000efd   Thumb Code    70  stm32f1xx_hal_dma.o(i.HAL_DMA_Abort)
    HAL_DMA_Abort_IT                         0x08000f45   Thumb Code   148  stm32f1xx_hal_dma.o(i.HAL_DMA_Abort_IT)
    HAL_Delay                                0x08000fdd   Thumb Code    32  stm32f1xx_hal.o(i.HAL_Delay)
    HAL_GPIO_Init                            0x08001001   Thumb Code   446  stm32f1xx_hal_gpio.o(i.HAL_GPIO_Init)
    HAL_GPIO_WritePin                        0x080011e1   Thumb Code    10  stm32f1xx_hal_gpio.o(i.HAL_GPIO_WritePin)
    HAL_GetTick                              0x080011ed   Thumb Code     6  stm32f1xx_hal.o(i.HAL_GetTick)
    HAL_IncTick                              0x080011f9   Thumb Code    12  stm32f1xx_hal.o(i.HAL_IncTick)
    HAL_Init                                 0x08001209   Thumb Code    32  stm32f1xx_hal.o(i.HAL_Init)
    HAL_InitTick                             0x0800122d   Thumb Code    54  stm32f1xx_hal.o(i.HAL_InitTick)
    HAL_MspInit                              0x0800126d   Thumb Code    52  stm32f1xx_hal_msp.o(i.HAL_MspInit)
    HAL_NVIC_EnableIRQ                       0x080012a9   Thumb Code    26  stm32f1xx_hal_cortex.o(i.HAL_NVIC_EnableIRQ)
    HAL_NVIC_SetPriority                     0x080012c5   Thumb Code    60  stm32f1xx_hal_cortex.o(i.HAL_NVIC_SetPriority)
    HAL_NVIC_SetPriorityGrouping             0x08001305   Thumb Code    26  stm32f1xx_hal_cortex.o(i.HAL_NVIC_SetPriorityGrouping)
    HAL_RCCEx_PeriphCLKConfig                0x08001329   Thumb Code   224  stm32f1xx_hal_rcc_ex.o(i.HAL_RCCEx_PeriphCLKConfig)
    HAL_RCC_ClockConfig                      0x08001415   Thumb Code   280  stm32f1xx_hal_rcc.o(i.HAL_RCC_ClockConfig)
    HAL_RCC_GetPCLK1Freq                     0x08001541   Thumb Code    20  stm32f1xx_hal_rcc.o(i.HAL_RCC_GetPCLK1Freq)
    HAL_RCC_GetPCLK2Freq                     0x08001561   Thumb Code    20  stm32f1xx_hal_rcc.o(i.HAL_RCC_GetPCLK2Freq)
    HAL_RCC_GetSysClockFreq                  0x08001581   Thumb Code    58  stm32f1xx_hal_rcc.o(i.HAL_RCC_GetSysClockFreq)
    HAL_RCC_OscConfig                        0x080015cd   Thumb Code   778  stm32f1xx_hal_rcc.o(i.HAL_RCC_OscConfig)
    HAL_SPI_ErrorCallback                    0x080018ed   Thumb Code     2  stm32f1xx_hal_spi.o(i.HAL_SPI_ErrorCallback)
    HAL_SPI_IRQHandler                       0x080018f1   Thumb Code   220  stm32f1xx_hal_spi.o(i.HAL_SPI_IRQHandler)
    HAL_SPI_Init                             0x080019d1   Thumb Code   178  stm32f1xx_hal_spi.o(i.HAL_SPI_Init)
    HAL_SPI_MspInit                          0x08001a85   Thumb Code   114  spi.o(i.HAL_SPI_MspInit)
    HAL_SPI_TransmitReceive                  0x08001b05   Thumb Code   496  stm32f1xx_hal_spi.o(i.HAL_SPI_TransmitReceive)
    HAL_SYSTICK_Config                       0x08001cf5   Thumb Code    40  stm32f1xx_hal_cortex.o(i.HAL_SYSTICK_Config)
    HAL_UARTEx_RxEventCallback               0x08001d1d   Thumb Code     2  stm32f1xx_hal_uart.o(i.HAL_UARTEx_RxEventCallback)
    HAL_UART_ErrorCallback                   0x08001d1f   Thumb Code     2  stm32f1xx_hal_uart.o(i.HAL_UART_ErrorCallback)
    HAL_UART_IRQHandler                      0x08001d21   Thumb Code   616  stm32f1xx_hal_uart.o(i.HAL_UART_IRQHandler)
    HAL_UART_Init                            0x08001f8d   Thumb Code   100  stm32f1xx_hal_uart.o(i.HAL_UART_Init)
    HAL_UART_MspInit                         0x08001ff1   Thumb Code   200  usart.o(i.HAL_UART_MspInit)
    HAL_UART_Receive_IT                      0x080020cd   Thumb Code    28  stm32f1xx_hal_uart.o(i.HAL_UART_Receive_IT)
    HAL_UART_RxCpltCallback                  0x080020e9   Thumb Code   258  stm32f1xx_it.o(i.HAL_UART_RxCpltCallback)
    HAL_UART_Transmit                        0x08002225   Thumb Code   160  stm32f1xx_hal_uart.o(i.HAL_UART_Transmit)
    HAL_UART_TxCpltCallback                  0x080022c5   Thumb Code     2  stm32f1xx_hal_uart.o(i.HAL_UART_TxCpltCallback)
    HardFault_Handler                        0x080022c7   Thumb Code     2  stm32f1xx_it.o(i.HardFault_Handler)
    I2C_Start                                0x080022c9   Thumb Code    64  oled.o(i.I2C_Start)
    I2C_Stop                                 0x0800230d   Thumb Code    46  oled.o(i.I2C_Stop)
    I2C_WaitAck                              0x08002341   Thumb Code    52  oled.o(i.I2C_WaitAck)
    IIC_delay                                0x08002379   Thumb Code    10  oled.o(i.IIC_delay)
    IsNFCCardRegistered                      0x08002385   Thumb Code    50  main.o(i.IsNFCCardRegistered)
    MFRC_ClrBitMask                          0x080023c1   Thumb Code    24  rc522.o(i.MFRC_ClrBitMask)
    MFRC_CmdFrame                            0x080023d9   Thumb Code   282  rc522.o(i.MFRC_CmdFrame)
    MFRC_Init                                0x080024f9   Thumb Code    26  rc522.o(i.MFRC_Init)
    MFRC_ReadReg                             0x0800251d   Thumb Code    52  rc522.o(i.MFRC_ReadReg)
    MFRC_SetBitMask                          0x08002555   Thumb Code    24  rc522.o(i.MFRC_SetBitMask)
    MFRC_WriteReg                            0x0800256d   Thumb Code    48  rc522.o(i.MFRC_WriteReg)
    MX_ADC1_Init                             0x080025a1   Thumb Code    70  adc.o(i.MX_ADC1_Init)
    MX_GPIO_Init                             0x080025f1   Thumb Code   210  gpio.o(i.MX_GPIO_Init)
    MX_SPI1_Init                             0x080026d5   Thumb Code    62  spi.o(i.MX_SPI1_Init)
    MX_USART2_UART_Init                      0x0800271d   Thumb Code    60  usart.o(i.MX_USART2_UART_Init)
    MX_USART3_UART_Init                      0x08002765   Thumb Code    60  usart.o(i.MX_USART3_UART_Init)
    MemManage_Handler                        0x080027ad   Thumb Code     2  stm32f1xx_it.o(i.MemManage_Handler)
    NMI_Handler                              0x080027af   Thumb Code     2  stm32f1xx_it.o(i.NMI_Handler)
    OLED_Clear                               0x080027b1   Thumb Code    40  oled.o(i.OLED_Clear)
    OLED_DrawPoint                           0x080027dd   Thumb Code    40  oled.o(i.OLED_DrawPoint)
    OLED_Init                                0x08002809   Thumb Code   218  oled.o(i.OLED_Init)
    OLED_Refresh                             0x080028e5   Thumb Code   100  oled.o(i.OLED_Refresh)
    OLED_ShowChar                            0x0800294d   Thumb Code   212  oled.o(i.OLED_ShowChar)
    OLED_ShowString                          0x08002a31   Thumb Code    60  oled.o(i.OLED_ShowString)
    OLED_WR_Byte                             0x08002a6d   Thumb Code    54  oled.o(i.OLED_WR_Byte)
    PCD_AntennaOff                           0x08002aa3   Thumb Code     8  rc522.o(i.PCD_AntennaOff)
    PCD_AntennaOn                            0x08002aab   Thumb Code    26  rc522.o(i.PCD_AntennaOn)
    PCD_Anticoll                             0x08002ac5   Thumb Code   106  rc522.o(i.PCD_Anticoll)
    PCD_Init                                 0x08002b2f   Thumb Code    22  rc522.o(i.PCD_Init)
    PCD_Request                              0x08002b45   Thumb Code    80  rc522.o(i.PCD_Request)
    PCD_Reset                                0x08002b95   Thumb Code   132  rc522.o(i.PCD_Reset)
    PendSV_Handler                           0x08002c1d   Thumb Code     2  stm32f1xx_it.o(i.PendSV_Handler)
    SPI1_IRQHandler                          0x08002c21   Thumb Code     6  stm32f1xx_it.o(i.SPI1_IRQHandler)
    SPI1_RW_Byte                             0x08002c2d   Thumb Code    26  rc522.o(i.SPI1_RW_Byte)
    SVC_Handler                              0x08002d49   Thumb Code     2  stm32f1xx_it.o(i.SVC_Handler)
    SaveNFCCardToFlash                       0x08002d4d   Thumb Code    24  main.o(i.SaveNFCCardToFlash)
    Send_Byte                                0x08002d6d   Thumb Code    78  oled.o(i.Send_Byte)
    SysTick_Handler                          0x08002dc1   Thumb Code     4  stm32f1xx_it.o(i.SysTick_Handler)
    SystemClock_Config                       0x08002dc5   Thumb Code   120  main.o(i.SystemClock_Config)
    SystemInit                               0x08002e3d   Thumb Code     2  system_stm32f1xx.o(i.SystemInit)
    UART_Start_Receive_IT                    0x08003019   Thumb Code    54  stm32f1xx_hal_uart.o(i.UART_Start_Receive_IT)
    USART2_IRQHandler                        0x080030c1   Thumb Code     6  stm32f1xx_it.o(i.USART2_IRQHandler)
    USART3_IRQHandler                        0x080030cd   Thumb Code     6  stm32f1xx_it.o(i.USART3_IRQHandler)
    UsageFault_Handler                       0x080030d9   Thumb Code     2  stm32f1xx_it.o(i.UsageFault_Handler)
    _is_digit                                0x080030fb   Thumb Code    14  __printf_wp.o(i._is_digit)
    main                                     0x08003109   Thumb Code   886  main.o(i.main)
    AHBPrescTable                            0x080035ce   Data          16  system_stm32f1xx.o(.constdata)
    APBPrescTable                            0x080035de   Data           8  system_stm32f1xx.o(.constdata)
    asc2_0806                                0x080035e6   Data         552  oled.o(.constdata)
    asc2_1206                                0x0800380e   Data        1140  oled.o(.constdata)
    asc2_1608                                0x08003c82   Data        1520  oled.o(.constdata)
    asc2_2412                                0x08004272   Data        3420  oled.o(.constdata)
    Region$$Table$$Base                      0x08005008   Number         0  anon$$obj.o(Region$$Table)
    Region$$Table$$Limit                     0x08005028   Number         0  anon$$obj.o(Region$$Table)
    ble_connected                            0x20000000   Data           1  main.o(.data)
    ble_disconnected                         0x20000001   Data           1  main.o(.data)
    add_nfc_flag                             0x20000002   Data           1  main.o(.data)
    nfcCardCount                             0x20000003   Data           1  main.o(.data)
    USART2_RX_STA                            0x20000008   Data           2  stm32f1xx_it.o(.data)
    uwTickFreq                               0x2000000c   Data           1  stm32f1xx_hal.o(.data)
    uwTickPrio                               0x20000010   Data           4  stm32f1xx_hal.o(.data)
    uwTick                                   0x20000014   Data           4  stm32f1xx_hal.o(.data)
    SystemCoreClock                          0x20000018   Data           4  system_stm32f1xx.o(.data)
    USART3_RX_STA                            0x2000001c   Data           2  as608.o(.data)
    AS608_Address                            0x20000020   Data           4  as608.o(.data)
    nfcCards                                 0x20000024   Data          40  main.o(.bss)
    hadc1                                    0x2000004c   Data          48  adc.o(.bss)
    hspi1                                    0x2000007c   Data          88  spi.o(.bss)
    huart2                                   0x200000d4   Data          72  usart.o(.bss)
    huart3                                   0x2000011c   Data          72  usart.o(.bss)
    USART2_RX_BUF                            0x20000164   Data         256  stm32f1xx_it.o(.bss)
    OLED_GRAM                                0x20000264   Data        1152  oled.o(.bss)
    USART3_RX_BUF                            0x200006e4   Data         256  as608.o(.bss)
    __libspace_start                         0x200007e4   Data          96  libspace.o(.bss)
    __temporary_stack_top$libspace           0x20000844   Data           0  libspace.o(.bss)



==============================================================================

Memory Map of the image

  Image Entry point : 0x080000ed

  Load Region LR_IROM1 (Base: 0x08000000, Size: 0x0000504c, Max: 0x00010000, ABSOLUTE)

    Execution Region ER_IROM1 (Exec base: 0x08000000, Load base: 0x08000000, Size: 0x00005028, Max: 0x00010000, ABSOLUTE)

    Exec Addr    Load Addr    Size         Type   Attr      Idx    E Section Name        Object

    0x08000000   0x08000000   0x000000ec   Data   RO            3    RESET               startup_stm32f103xb.o
    0x080000ec   0x080000ec   0x00000008   Code   RO         3084  * !!!main             c_w.l(__main.o)
    0x080000f4   0x080000f4   0x00000034   Code   RO         3252    !!!scatter          c_w.l(__scatter.o)
    0x08000128   0x08000128   0x0000001a   Code   RO         3254    !!handler_copy      c_w.l(__scatter_copy.o)
    0x08000142   0x08000142   0x00000002   PAD
    0x08000144   0x08000144   0x0000001c   Code   RO         3256    !!handler_zi        c_w.l(__scatter_zi.o)
    0x08000160   0x08000160   0x00000000   Code   RO         3071    .ARM.Collect$$_printf_percent$$00000000  c_w.l(_printf_percent.o)
    0x08000160   0x08000160   0x00000006   Code   RO         3070    .ARM.Collect$$_printf_percent$$00000009  c_w.l(_printf_d.o)
    0x08000166   0x08000166   0x00000006   Code   RO         3069    .ARM.Collect$$_printf_percent$$0000000C  c_w.l(_printf_x.o)
    0x0800016c   0x0800016c   0x00000004   Code   RO         3093    .ARM.Collect$$_printf_percent$$00000017  c_w.l(_printf_percent_end.o)
    0x08000170   0x08000170   0x00000002   Code   RO         3122    .ARM.Collect$$libinit$$00000000  c_w.l(libinit.o)
    0x08000172   0x08000172   0x00000000   Code   RO         3129    .ARM.Collect$$libinit$$00000002  c_w.l(libinit2.o)
    0x08000172   0x08000172   0x00000000   Code   RO         3131    .ARM.Collect$$libinit$$00000004  c_w.l(libinit2.o)
    0x08000172   0x08000172   0x00000000   Code   RO         3134    .ARM.Collect$$libinit$$0000000A  c_w.l(libinit2.o)
    0x08000172   0x08000172   0x00000000   Code   RO         3136    .ARM.Collect$$libinit$$0000000C  c_w.l(libinit2.o)
    0x08000172   0x08000172   0x00000000   Code   RO         3138    .ARM.Collect$$libinit$$0000000E  c_w.l(libinit2.o)
    0x08000172   0x08000172   0x00000000   Code   RO         3141    .ARM.Collect$$libinit$$00000011  c_w.l(libinit2.o)
    0x08000172   0x08000172   0x00000000   Code   RO         3143    .ARM.Collect$$libinit$$00000013  c_w.l(libinit2.o)
    0x08000172   0x08000172   0x00000000   Code   RO         3145    .ARM.Collect$$libinit$$00000015  c_w.l(libinit2.o)
    0x08000172   0x08000172   0x00000000   Code   RO         3147    .ARM.Collect$$libinit$$00000017  c_w.l(libinit2.o)
    0x08000172   0x08000172   0x00000000   Code   RO         3149    .ARM.Collect$$libinit$$00000019  c_w.l(libinit2.o)
    0x08000172   0x08000172   0x00000000   Code   RO         3151    .ARM.Collect$$libinit$$0000001B  c_w.l(libinit2.o)
    0x08000172   0x08000172   0x00000000   Code   RO         3153    .ARM.Collect$$libinit$$0000001D  c_w.l(libinit2.o)
    0x08000172   0x08000172   0x00000000   Code   RO         3155    .ARM.Collect$$libinit$$0000001F  c_w.l(libinit2.o)
    0x08000172   0x08000172   0x00000000   Code   RO         3157    .ARM.Collect$$libinit$$00000021  c_w.l(libinit2.o)
    0x08000172   0x08000172   0x00000000   Code   RO         3159    .ARM.Collect$$libinit$$00000023  c_w.l(libinit2.o)
    0x08000172   0x08000172   0x00000000   Code   RO         3161    .ARM.Collect$$libinit$$00000025  c_w.l(libinit2.o)
    0x08000172   0x08000172   0x00000000   Code   RO         3165    .ARM.Collect$$libinit$$0000002C  c_w.l(libinit2.o)
    0x08000172   0x08000172   0x00000000   Code   RO         3167    .ARM.Collect$$libinit$$0000002E  c_w.l(libinit2.o)
    0x08000172   0x08000172   0x00000000   Code   RO         3169    .ARM.Collect$$libinit$$00000030  c_w.l(libinit2.o)
    0x08000172   0x08000172   0x00000000   Code   RO         3171    .ARM.Collect$$libinit$$00000032  c_w.l(libinit2.o)
    0x08000172   0x08000172   0x00000002   Code   RO         3172    .ARM.Collect$$libinit$$00000033  c_w.l(libinit2.o)
    0x08000174   0x08000174   0x00000002   Code   RO         3192    .ARM.Collect$$libshutdown$$00000000  c_w.l(libshutdown.o)
    0x08000176   0x08000176   0x00000000   Code   RO         3205    .ARM.Collect$$libshutdown$$00000002  c_w.l(libshutdown2.o)
    0x08000176   0x08000176   0x00000000   Code   RO         3207    .ARM.Collect$$libshutdown$$00000004  c_w.l(libshutdown2.o)
    0x08000176   0x08000176   0x00000000   Code   RO         3210    .ARM.Collect$$libshutdown$$00000007  c_w.l(libshutdown2.o)
    0x08000176   0x08000176   0x00000000   Code   RO         3213    .ARM.Collect$$libshutdown$$0000000A  c_w.l(libshutdown2.o)
    0x08000176   0x08000176   0x00000000   Code   RO         3215    .ARM.Collect$$libshutdown$$0000000C  c_w.l(libshutdown2.o)
    0x08000176   0x08000176   0x00000000   Code   RO         3218    .ARM.Collect$$libshutdown$$0000000F  c_w.l(libshutdown2.o)
    0x08000176   0x08000176   0x00000002   Code   RO         3219    .ARM.Collect$$libshutdown$$00000010  c_w.l(libshutdown2.o)
    0x08000178   0x08000178   0x00000000   Code   RO         3086    .ARM.Collect$$rtentry$$00000000  c_w.l(__rtentry.o)
    0x08000178   0x08000178   0x00000000   Code   RO         3097    .ARM.Collect$$rtentry$$00000002  c_w.l(__rtentry2.o)
    0x08000178   0x08000178   0x00000006   Code   RO         3109    .ARM.Collect$$rtentry$$00000004  c_w.l(__rtentry4.o)
    0x0800017e   0x0800017e   0x00000000   Code   RO         3099    .ARM.Collect$$rtentry$$00000009  c_w.l(__rtentry2.o)
    0x0800017e   0x0800017e   0x00000004   Code   RO         3100    .ARM.Collect$$rtentry$$0000000A  c_w.l(__rtentry2.o)
    0x08000182   0x08000182   0x00000000   Code   RO         3102    .ARM.Collect$$rtentry$$0000000C  c_w.l(__rtentry2.o)
    0x08000182   0x08000182   0x00000008   Code   RO         3103    .ARM.Collect$$rtentry$$0000000D  c_w.l(__rtentry2.o)
    0x0800018a   0x0800018a   0x00000002   Code   RO         3126    .ARM.Collect$$rtexit$$00000000  c_w.l(rtexit.o)
    0x0800018c   0x0800018c   0x00000000   Code   RO         3174    .ARM.Collect$$rtexit$$00000002  c_w.l(rtexit2.o)
    0x0800018c   0x0800018c   0x00000004   Code   RO         3175    .ARM.Collect$$rtexit$$00000003  c_w.l(rtexit2.o)
    0x08000190   0x08000190   0x00000006   Code   RO         3176    .ARM.Collect$$rtexit$$00000004  c_w.l(rtexit2.o)
    0x08000196   0x08000196   0x00000002   PAD
    0x08000198   0x08000198   0x00000040   Code   RO            4    .text               startup_stm32f103xb.o
    0x080001d8   0x080001d8   0x00000028   Code   RO         3020    .text               c_w.l(noretval__2sprintf.o)
    0x08000200   0x08000200   0x0000004e   Code   RO         3024    .text               c_w.l(_printf_pad.o)
    0x0800024e   0x0800024e   0x00000002   PAD
    0x08000250   0x08000250   0x00000078   Code   RO         3026    .text               c_w.l(_printf_dec.o)
    0x080002c8   0x080002c8   0x00000058   Code   RO         3031    .text               c_w.l(_printf_hex_int.o)
    0x08000320   0x08000320   0x00000138   Code   RO         3061    .text               c_w.l(__printf_flags_wp.o)
    0x08000458   0x08000458   0x00000024   Code   RO         3072    .text               c_w.l(strstr.o)
    0x0800047c   0x0800047c   0x00000058   Code   RO         3074    .text               c_w.l(memcmp.o)
    0x080004d4   0x080004d4   0x0000008a   Code   RO         3076    .text               c_w.l(rt_memcpy_v6.o)
    0x0800055e   0x0800055e   0x00000044   Code   RO         3078    .text               c_w.l(rt_memclr.o)
    0x080005a2   0x080005a2   0x0000004e   Code   RO         3080    .text               c_w.l(rt_memclr_w.o)
    0x080005f0   0x080005f0   0x00000006   Code   RO         3082    .text               c_w.l(heapauxi.o)
    0x080005f6   0x080005f6   0x000000b2   Code   RO         3087    .text               c_w.l(_printf_intcommon.o)
    0x080006a8   0x080006a8   0x00000030   Code   RO         3089    .text               c_w.l(_printf_char_common.o)
    0x080006d8   0x080006d8   0x0000000a   Code   RO         3091    .text               c_w.l(_sputc.o)
    0x080006e2   0x080006e2   0x00000064   Code   RO         3094    .text               c_w.l(rt_memcpy_w.o)
    0x08000746   0x08000746   0x0000004a   Code   RO         3113    .text               c_w.l(sys_stackheap_outer.o)
    0x08000790   0x08000790   0x00000012   Code   RO         3115    .text               c_w.l(exit.o)
    0x080007a2   0x080007a2   0x00000002   PAD
    0x080007a4   0x080007a4   0x00000008   Code   RO         3123    .text               c_w.l(libspace.o)
    0x080007ac   0x080007ac   0x0000000c   Code   RO         3184    .text               c_w.l(sys_exit.o)
    0x080007b8   0x080007b8   0x00000002   Code   RO         3195    .text               c_w.l(use_no_semi.o)
    0x080007ba   0x080007ba   0x00000000   Code   RO         3197    .text               c_w.l(indicate_semi.o)
    0x080007ba   0x080007ba   0x00000002   PAD
    0x080007bc   0x080007bc   0x00000056   Code   RO          605    i.ADC_ConversionStop_Disable  stm32f1xx_hal_adc.o
    0x08000812   0x08000812   0x0000002e   Code   RO         2880    i.AS608_GenChar     as608.o
    0x08000840   0x08000840   0x0000002a   Code   RO         2882    i.AS608_GetImage    as608.o
    0x0800086a   0x0800086a   0x00000002   PAD
    0x0800086c   0x0800086c   0x00000074   Code   RO         2883    i.AS608_HandShake   as608.o
    0x080008e0   0x080008e0   0x00000028   Code   RO         2884    i.AS608_Init        as608.o
    0x08000908   0x08000908   0x0000006c   Code   RO         2888    i.AS608_ReceivePacket  as608.o
    0x08000974   0x08000974   0x0000005c   Code   RO         2890    i.AS608_Search      as608.o
    0x080009d0   0x080009d0   0x000000b4   Code   RO         2891    i.AS608_SendCommand  as608.o
    0x08000a84   0x08000a84   0x000000bc   Code   RO         2892    i.AS608_SimpleHandShake  as608.o
    0x08000b40   0x08000b40   0x0000002a   Code   RO         2895    i.AS608_VerifyFinger  as608.o
    0x08000b6a   0x08000b6a   0x00000002   PAD
    0x08000b6c   0x08000b6c   0x00000118   Code   RO           13    i.AddNFCCardMode    main.o
    0x08000c84   0x08000c84   0x00000002   Code   RO          360    i.BusFault_Handler  stm32f1xx_it.o
    0x08000c86   0x08000c86   0x00000002   Code   RO          361    i.DebugMon_Handler  stm32f1xx_it.o
    0x08000c88   0x08000c88   0x00000004   Code   RO           14    i.Error_Handler     main.o
    0x08000c8c   0x08000c8c   0x000000fc   Code   RO          611    i.HAL_ADC_ConfigChannel  stm32f1xx_hal_adc.o
    0x08000d88   0x08000d88   0x0000011c   Code   RO          620    i.HAL_ADC_Init      stm32f1xx_hal_adc.o
    0x08000ea4   0x08000ea4   0x00000058   Code   RO          224    i.HAL_ADC_MspInit   adc.o
    0x08000efc   0x08000efc   0x00000046   Code   RO         1262    i.HAL_DMA_Abort     stm32f1xx_hal_dma.o
    0x08000f42   0x08000f42   0x00000002   PAD
    0x08000f44   0x08000f44   0x00000098   Code   RO         1263    i.HAL_DMA_Abort_IT  stm32f1xx_hal_dma.o
    0x08000fdc   0x08000fdc   0x00000024   Code   RO          888    i.HAL_Delay         stm32f1xx_hal.o
    0x08001000   0x08001000   0x000001e0   Code   RO         1198    i.HAL_GPIO_Init     stm32f1xx_hal_gpio.o
    0x080011e0   0x080011e0   0x0000000a   Code   RO         1202    i.HAL_GPIO_WritePin  stm32f1xx_hal_gpio.o
    0x080011ea   0x080011ea   0x00000002   PAD
    0x080011ec   0x080011ec   0x0000000c   Code   RO          892    i.HAL_GetTick       stm32f1xx_hal.o
    0x080011f8   0x080011f8   0x00000010   Code   RO          898    i.HAL_IncTick       stm32f1xx_hal.o
    0x08001208   0x08001208   0x00000024   Code   RO          899    i.HAL_Init          stm32f1xx_hal.o
    0x0800122c   0x0800122c   0x00000040   Code   RO          900    i.HAL_InitTick      stm32f1xx_hal.o
    0x0800126c   0x0800126c   0x0000003c   Code   RO          464    i.HAL_MspInit       stm32f1xx_hal_msp.o
    0x080012a8   0x080012a8   0x0000001a   Code   RO         1358    i.HAL_NVIC_EnableIRQ  stm32f1xx_hal_cortex.o
    0x080012c2   0x080012c2   0x00000002   PAD
    0x080012c4   0x080012c4   0x00000040   Code   RO         1364    i.HAL_NVIC_SetPriority  stm32f1xx_hal_cortex.o
    0x08001304   0x08001304   0x00000024   Code   RO         1365    i.HAL_NVIC_SetPriorityGrouping  stm32f1xx_hal_cortex.o
    0x08001328   0x08001328   0x000000ec   Code   RO         1160    i.HAL_RCCEx_PeriphCLKConfig  stm32f1xx_hal_rcc_ex.o
    0x08001414   0x08001414   0x0000012c   Code   RO         1056    i.HAL_RCC_ClockConfig  stm32f1xx_hal_rcc.o
    0x08001540   0x08001540   0x00000020   Code   RO         1063    i.HAL_RCC_GetPCLK1Freq  stm32f1xx_hal_rcc.o
    0x08001560   0x08001560   0x00000020   Code   RO         1064    i.HAL_RCC_GetPCLK2Freq  stm32f1xx_hal_rcc.o
    0x08001580   0x08001580   0x0000004c   Code   RO         1065    i.HAL_RCC_GetSysClockFreq  stm32f1xx_hal_rcc.o
    0x080015cc   0x080015cc   0x00000320   Code   RO         1068    i.HAL_RCC_OscConfig  stm32f1xx_hal_rcc.o
    0x080018ec   0x080018ec   0x00000002   Code   RO         1865    i.HAL_SPI_ErrorCallback  stm32f1xx_hal_spi.o
    0x080018ee   0x080018ee   0x00000002   PAD
    0x080018f0   0x080018f0   0x000000e0   Code   RO         1868    i.HAL_SPI_IRQHandler  stm32f1xx_hal_spi.o
    0x080019d0   0x080019d0   0x000000b2   Code   RO         1869    i.HAL_SPI_Init      stm32f1xx_hal_spi.o
    0x08001a82   0x08001a82   0x00000002   PAD
    0x08001a84   0x08001a84   0x00000080   Code   RO          266    i.HAL_SPI_MspInit   spi.o
    0x08001b04   0x08001b04   0x000001f0   Code   RO         1878    i.HAL_SPI_TransmitReceive  stm32f1xx_hal_spi.o
    0x08001cf4   0x08001cf4   0x00000028   Code   RO         1369    i.HAL_SYSTICK_Config  stm32f1xx_hal_cortex.o
    0x08001d1c   0x08001d1c   0x00000002   Code   RO         2192    i.HAL_UARTEx_RxEventCallback  stm32f1xx_hal_uart.o
    0x08001d1e   0x08001d1e   0x00000002   Code   RO         2206    i.HAL_UART_ErrorCallback  stm32f1xx_hal_uart.o
    0x08001d20   0x08001d20   0x0000026c   Code   RO         2209    i.HAL_UART_IRQHandler  stm32f1xx_hal_uart.o
    0x08001f8c   0x08001f8c   0x00000064   Code   RO         2210    i.HAL_UART_Init     stm32f1xx_hal_uart.o
    0x08001ff0   0x08001ff0   0x000000dc   Code   RO          308    i.HAL_UART_MspInit  usart.o
    0x080020cc   0x080020cc   0x0000001c   Code   RO         2215    i.HAL_UART_Receive_IT  stm32f1xx_hal_uart.o
    0x080020e8   0x080020e8   0x0000013c   Code   RO          362    i.HAL_UART_RxCpltCallback  stm32f1xx_it.o
    0x08002224   0x08002224   0x000000a0   Code   RO         2218    i.HAL_UART_Transmit  stm32f1xx_hal_uart.o
    0x080022c4   0x080022c4   0x00000002   Code   RO         2221    i.HAL_UART_TxCpltCallback  stm32f1xx_hal_uart.o
    0x080022c6   0x080022c6   0x00000002   Code   RO          363    i.HardFault_Handler  stm32f1xx_it.o
    0x080022c8   0x080022c8   0x00000044   Code   RO         2581    i.I2C_Start         oled.o
    0x0800230c   0x0800230c   0x00000034   Code   RO         2582    i.I2C_Stop          oled.o
    0x08002340   0x08002340   0x00000038   Code   RO         2583    i.I2C_WaitAck       oled.o
    0x08002378   0x08002378   0x0000000a   Code   RO         2584    i.IIC_delay         oled.o
    0x08002382   0x08002382   0x00000002   PAD
    0x08002384   0x08002384   0x0000003c   Code   RO           15    i.IsNFCCardRegistered  main.o
    0x080023c0   0x080023c0   0x00000018   Code   RO         2737    i.MFRC_ClrBitMask   rc522.o
    0x080023d8   0x080023d8   0x00000120   Code   RO         2738    i.MFRC_CmdFrame     rc522.o
    0x080024f8   0x080024f8   0x00000024   Code   RO         2739    i.MFRC_Init         rc522.o
    0x0800251c   0x0800251c   0x00000038   Code   RO         2740    i.MFRC_ReadReg      rc522.o
    0x08002554   0x08002554   0x00000018   Code   RO         2741    i.MFRC_SetBitMask   rc522.o
    0x0800256c   0x0800256c   0x00000034   Code   RO         2742    i.MFRC_WriteReg     rc522.o
    0x080025a0   0x080025a0   0x00000050   Code   RO          225    i.MX_ADC1_Init      adc.o
    0x080025f0   0x080025f0   0x000000e4   Code   RO          199    i.MX_GPIO_Init      gpio.o
    0x080026d4   0x080026d4   0x00000048   Code   RO          267    i.MX_SPI1_Init      spi.o
    0x0800271c   0x0800271c   0x00000048   Code   RO          309    i.MX_USART2_UART_Init  usart.o
    0x08002764   0x08002764   0x00000048   Code   RO          310    i.MX_USART3_UART_Init  usart.o
    0x080027ac   0x080027ac   0x00000002   Code   RO          364    i.MemManage_Handler  stm32f1xx_it.o
    0x080027ae   0x080027ae   0x00000002   Code   RO          365    i.NMI_Handler       stm32f1xx_it.o
    0x080027b0   0x080027b0   0x0000002c   Code   RO         2585    i.OLED_Clear        oled.o
    0x080027dc   0x080027dc   0x0000002c   Code   RO         2592    i.OLED_DrawPoint    oled.o
    0x08002808   0x08002808   0x000000da   Code   RO         2593    i.OLED_Init         oled.o
    0x080028e2   0x080028e2   0x00000002   PAD
    0x080028e4   0x080028e4   0x00000068   Code   RO         2595    i.OLED_Refresh      oled.o
    0x0800294c   0x0800294c   0x000000e4   Code   RO         2596    i.OLED_ShowChar     oled.o
    0x08002a30   0x08002a30   0x0000003c   Code   RO         2599    i.OLED_ShowString   oled.o
    0x08002a6c   0x08002a6c   0x00000036   Code   RO         2600    i.OLED_WR_Byte      oled.o
    0x08002aa2   0x08002aa2   0x00000008   Code   RO         2743    i.PCD_AntennaOff    rc522.o
    0x08002aaa   0x08002aaa   0x0000001a   Code   RO         2744    i.PCD_AntennaOn     rc522.o
    0x08002ac4   0x08002ac4   0x0000006a   Code   RO         2745    i.PCD_Anticoll      rc522.o
    0x08002b2e   0x08002b2e   0x00000016   Code   RO         2749    i.PCD_Init          rc522.o
    0x08002b44   0x08002b44   0x00000050   Code   RO         2751    i.PCD_Request       rc522.o
    0x08002b94   0x08002b94   0x00000088   Code   RO         2752    i.PCD_Reset         rc522.o
    0x08002c1c   0x08002c1c   0x00000002   Code   RO          366    i.PendSV_Handler    stm32f1xx_it.o
    0x08002c1e   0x08002c1e   0x00000002   PAD
    0x08002c20   0x08002c20   0x0000000c   Code   RO          367    i.SPI1_IRQHandler   stm32f1xx_it.o
    0x08002c2c   0x08002c2c   0x00000020   Code   RO         2756    i.SPI1_RW_Byte      rc522.o
    0x08002c4c   0x08002c4c   0x00000010   Code   RO         1896    i.SPI_DMAAbortOnError  stm32f1xx_hal_spi.o
    0x08002c5c   0x08002c5c   0x00000034   Code   RO         1907    i.SPI_EndRxTxTransaction  stm32f1xx_hal_spi.o
    0x08002c90   0x08002c90   0x000000b8   Code   RO         1912    i.SPI_WaitFlagStateUntilTimeout  stm32f1xx_hal_spi.o
    0x08002d48   0x08002d48   0x00000002   Code   RO          368    i.SVC_Handler       stm32f1xx_it.o
    0x08002d4a   0x08002d4a   0x00000002   PAD
    0x08002d4c   0x08002d4c   0x00000020   Code   RO           17    i.SaveNFCCardToFlash  main.o
    0x08002d6c   0x08002d6c   0x00000054   Code   RO         2601    i.Send_Byte         oled.o
    0x08002dc0   0x08002dc0   0x00000004   Code   RO          369    i.SysTick_Handler   stm32f1xx_it.o
    0x08002dc4   0x08002dc4   0x00000078   Code   RO           18    i.SystemClock_Config  main.o
    0x08002e3c   0x08002e3c   0x00000002   Code   RO         2544    i.SystemInit        system_stm32f1xx.o
    0x08002e3e   0x08002e3e   0x00000010   Code   RO         2223    i.UART_DMAAbortOnError  stm32f1xx_hal_uart.o
    0x08002e4e   0x08002e4e   0x0000004e   Code   RO         2233    i.UART_EndRxTransfer  stm32f1xx_hal_uart.o
    0x08002e9c   0x08002e9c   0x000000c2   Code   RO         2235    i.UART_Receive_IT   stm32f1xx_hal_uart.o
    0x08002f5e   0x08002f5e   0x00000002   PAD
    0x08002f60   0x08002f60   0x000000b8   Code   RO         2236    i.UART_SetConfig    stm32f1xx_hal_uart.o
    0x08003018   0x08003018   0x00000036   Code   RO         2238    i.UART_Start_Receive_IT  stm32f1xx_hal_uart.o
    0x0800304e   0x0800304e   0x00000072   Code   RO         2239    i.UART_WaitOnFlagUntilTimeout  stm32f1xx_hal_uart.o
    0x080030c0   0x080030c0   0x0000000c   Code   RO          370    i.USART2_IRQHandler  stm32f1xx_it.o
    0x080030cc   0x080030cc   0x0000000c   Code   RO          371    i.USART3_IRQHandler  stm32f1xx_it.o
    0x080030d8   0x080030d8   0x00000002   Code   RO          372    i.UsageFault_Handler  stm32f1xx_it.o
    0x080030da   0x080030da   0x00000020   Code   RO         1371    i.__NVIC_SetPriority  stm32f1xx_hal_cortex.o
    0x080030fa   0x080030fa   0x0000000e   Code   RO         3059    i._is_digit         c_w.l(__printf_wp.o)
    0x08003108   0x08003108   0x000004b4   Code   RO           19    i.main              main.o
    0x080035bc   0x080035bc   0x00000012   Data   RO         1069    .constdata          stm32f1xx_hal_rcc.o
    0x080035ce   0x080035ce   0x00000010   Data   RO         2545    .constdata          system_stm32f1xx.o
    0x080035de   0x080035de   0x00000008   Data   RO         2546    .constdata          system_stm32f1xx.o
    0x080035e6   0x080035e6   0x000019e8   Data   RO         2603    .constdata          oled.o
    0x08004fce   0x08004fce   0x00000028   Data   RO         3032    .constdata          c_w.l(_printf_hex_int.o)
    0x08004ff6   0x08004ff6   0x00000011   Data   RO         3062    .constdata          c_w.l(__printf_flags_wp.o)
    0x08005007   0x08005007   0x00000001   PAD
    0x08005008   0x08005008   0x00000020   Data   RO         3250    Region$$Table       anon$$obj.o


    Execution Region RW_IRAM1 (Exec base: 0x20000000, Load base: 0x08005028, Size: 0x00000e48, Max: 0x00005000, ABSOLUTE)

    Exec Addr    Load Addr    Size         Type   Attr      Idx    E Section Name        Object

    0x20000000   0x08005028   0x00000008   Data   RW           21    .data               main.o
    0x20000008   0x08005030   0x00000002   Data   RW          374    .data               stm32f1xx_it.o
    0x2000000a   0x08005032   0x00000002   PAD
    0x2000000c   0x08005034   0x0000000c   Data   RW          906    .data               stm32f1xx_hal.o
    0x20000018   0x08005040   0x00000004   Data   RW         2547    .data               system_stm32f1xx.o
    0x2000001c   0x08005044   0x00000008   Data   RW         2898    .data               as608.o
    0x20000024        -       0x00000028   Zero   RW           20    .bss                main.o
    0x2000004c        -       0x00000030   Zero   RW          226    .bss                adc.o
    0x2000007c        -       0x00000058   Zero   RW          268    .bss                spi.o
    0x200000d4        -       0x00000090   Zero   RW          311    .bss                usart.o
    0x20000164        -       0x00000100   Zero   RW          373    .bss                stm32f1xx_it.o
    0x20000264        -       0x00000480   Zero   RW         2602    .bss                oled.o
    0x200006e4        -       0x00000100   Zero   RW         2897    .bss                as608.o
    0x200007e4        -       0x00000060   Zero   RW         3124    .bss                c_w.l(libspace.o)
    0x20000844   0x0800504c   0x00000004   PAD
    0x20000848        -       0x00000200   Zero   RW            2    HEAP                startup_stm32f103xb.o
    0x20000a48        -       0x00000400   Zero   RW            1    STACK               startup_stm32f103xb.o


==============================================================================

Image component sizes


      Code (inc. data)   RO Data    RW Data    ZI Data      Debug   Object Name

       168         22          0          0         48       1649   adc.o
       854         34          0          8        256       9965   as608.o
       228         18          0          0          0        983   gpio.o
      1700        444          0          8         40     420162   main.o
      1022         48       6632          0       1152       8276   oled.o
       890         34          0          0          0       8035   rc522.o
       200         24          0          0         88       1665   spi.o
        64         26        236          0       1536        812   startup_stm32f103xb.o
       164         28          0         12          0       5941   stm32f1xx_hal.o
       622         24          0          0          0       3316   stm32f1xx_hal_adc.o
       198         14          0          0          0      28971   stm32f1xx_hal_cortex.o
       222          4          0          0          0       1783   stm32f1xx_hal_dma.o
       490         34          0          0          0       2904   stm32f1xx_hal_gpio.o
         0          0          0          0          0     410408   stm32f1xx_hal_gpio_ex.o
        60          8          0          0          0        878   stm32f1xx_hal_msp.o
      1240         84         18          0          0       5140   stm32f1xx_hal_rcc.o
       236         12          0          0          0       1396   stm32f1xx_hal_rcc_ex.o
      1152          8          0          0          0       6766   stm32f1xx_hal_spi.o
      1554         10          0          0          0      11032   stm32f1xx_hal_uart.o
       372         76          0          2        256       6976   stm32f1xx_it.o
         2          0         24          4          0       1131   system_stm32f1xx.o
       364         44          0          0        144       2537   usart.o

    ----------------------------------------------------------------------
     11826        996       6942         36       3520     940726   Object Totals
         0          0         32          0          0          0   (incl. Generated)
        24          0          0          2          0          0   (incl. Padding)

    ----------------------------------------------------------------------

      Code (inc. data)   RO Data    RW Data    ZI Data      Debug   Library Member Name

         8          0          0          0          0         68   __main.o
       312          4         17          0          0         92   __printf_flags_wp.o
        14          0          0          0          0         68   __printf_wp.o
         0          0          0          0          0          0   __rtentry.o
        12          0          0          0          0          0   __rtentry2.o
         6          0          0          0          0          0   __rtentry4.o
        52          8          0          0          0          0   __scatter.o
        26          0          0          0          0          0   __scatter_copy.o
        28          0          0          0          0          0   __scatter_zi.o
        48          6          0          0          0         96   _printf_char_common.o
         6          0          0          0          0          0   _printf_d.o
       120         16          0          0          0         92   _printf_dec.o
        88          4         40          0          0         88   _printf_hex_int.o
       178          0          0          0          0         88   _printf_intcommon.o
        78          0          0          0          0        108   _printf_pad.o
         0          0          0          0          0          0   _printf_percent.o
         4          0          0          0          0          0   _printf_percent_end.o
         6          0          0          0          0          0   _printf_x.o
        10          0          0          0          0         68   _sputc.o
        18          0          0          0          0         80   exit.o
         6          0          0          0          0        152   heapauxi.o
         0          0          0          0          0          0   indicate_semi.o
         2          0          0          0          0          0   libinit.o
         2          0          0          0          0          0   libinit2.o
         2          0          0          0          0          0   libshutdown.o
         2          0          0          0          0          0   libshutdown2.o
         8          4          0          0         96         68   libspace.o
        88          0          0          0          0         76   memcmp.o
        40          6          0          0          0         84   noretval__2sprintf.o
        68          0          0          0          0         68   rt_memclr.o
        78          0          0          0          0         80   rt_memclr_w.o
       138          0          0          0          0         68   rt_memcpy_v6.o
       100          0          0          0          0         80   rt_memcpy_w.o
         2          0          0          0          0          0   rtexit.o
        10          0          0          0          0          0   rtexit2.o
        36          0          0          0          0         80   strstr.o
        12          4          0          0          0         68   sys_exit.o
        74          0          0          0          0         80   sys_stackheap_outer.o
         2          0          0          0          0         68   use_no_semi.o

    ----------------------------------------------------------------------
      1694         52         58          0        100       1820   Library Totals
        10          0          1          0          4          0   (incl. Padding)

    ----------------------------------------------------------------------

      Code (inc. data)   RO Data    RW Data    ZI Data      Debug   Library Name

      1684         52         57          0         96       1820   c_w.l

    ----------------------------------------------------------------------
      1694         52         58          0        100       1820   Library Totals

    ----------------------------------------------------------------------

==============================================================================


      Code (inc. data)   RO Data    RW Data    ZI Data      Debug   

     13520       1048       7000         36       3620     936354   Grand Totals
     13520       1048       7000         36       3620     936354   ELF Image Totals
     13520       1048       7000         36          0          0   ROM Totals

==============================================================================

    Total RO  Size (Code + RO Data)                20520 (  20.04kB)
    Total RW  Size (RW Data + ZI Data)              3656 (   3.57kB)
    Total ROM Size (Code + RO Data + RW Data)      20556 (  20.07kB)

==============================================================================

